Archive member included to satisfy reference by file (symbol)

/tools/software/riscv/riscv32-unknown-elf-gcc/bin/../lib/gcc/riscv32-unknown-elf/13.2.0/libgcc.a(_udivdi3.o)
                              CMakeFiles/hello.elf.dir/lib/print/printf.c.obj (__udivdi3)
/tools/software/riscv/riscv32-unknown-elf-gcc/bin/../lib/gcc/riscv32-unknown-elf/13.2.0/libgcc.a(_umoddi3.o)
                              CMakeFiles/hello.elf.dir/lib/print/printf.c.obj (__umoddi3)
/tools/software/riscv/riscv32-unknown-elf-gcc/bin/../lib/gcc/riscv32-unknown-elf/13.2.0/libgcc.a(adddf3.o)
                              CMakeFiles/hello.elf.dir/lib/print/printf.c.obj (__adddf3)
/tools/software/riscv/riscv32-unknown-elf-gcc/bin/../lib/gcc/riscv32-unknown-elf/13.2.0/libgcc.a(divdf3.o)
                              CMakeFiles/hello.elf.dir/lib/print/printf.c.obj (__divdf3)
/tools/software/riscv/riscv32-unknown-elf-gcc/bin/../lib/gcc/riscv32-unknown-elf/13.2.0/libgcc.a(eqdf2.o)
                              CMakeFiles/hello.elf.dir/lib/print/printf.c.obj (__nedf2)
/tools/software/riscv/riscv32-unknown-elf-gcc/bin/../lib/gcc/riscv32-unknown-elf/13.2.0/libgcc.a(gedf2.o)
                              CMakeFiles/hello.elf.dir/lib/print/printf.c.obj (__gedf2)
/tools/software/riscv/riscv32-unknown-elf-gcc/bin/../lib/gcc/riscv32-unknown-elf/13.2.0/libgcc.a(ledf2.o)
                              CMakeFiles/hello.elf.dir/lib/print/printf.c.obj (__ltdf2)
/tools/software/riscv/riscv32-unknown-elf-gcc/bin/../lib/gcc/riscv32-unknown-elf/13.2.0/libgcc.a(muldf3.o)
                              CMakeFiles/hello.elf.dir/lib/print/printf.c.obj (__muldf3)
/tools/software/riscv/riscv32-unknown-elf-gcc/bin/../lib/gcc/riscv32-unknown-elf/13.2.0/libgcc.a(subdf3.o)
                              CMakeFiles/hello.elf.dir/lib/print/printf.c.obj (__subdf3)
/tools/software/riscv/riscv32-unknown-elf-gcc/bin/../lib/gcc/riscv32-unknown-elf/13.2.0/libgcc.a(fixdfsi.o)
                              CMakeFiles/hello.elf.dir/lib/print/printf.c.obj (__fixdfsi)
/tools/software/riscv/riscv32-unknown-elf-gcc/bin/../lib/gcc/riscv32-unknown-elf/13.2.0/libgcc.a(fixunsdfsi.o)
                              CMakeFiles/hello.elf.dir/lib/print/printf.c.obj (__fixunsdfsi)
/tools/software/riscv/riscv32-unknown-elf-gcc/bin/../lib/gcc/riscv32-unknown-elf/13.2.0/libgcc.a(floatsidf.o)
                              CMakeFiles/hello.elf.dir/lib/print/printf.c.obj (__floatsidf)
/tools/software/riscv/riscv32-unknown-elf-gcc/bin/../lib/gcc/riscv32-unknown-elf/13.2.0/libgcc.a(floatunsidf.o)
                              CMakeFiles/hello.elf.dir/lib/print/printf.c.obj (__floatunsidf)
/tools/software/riscv/riscv32-unknown-elf-gcc/bin/../lib/gcc/riscv32-unknown-elf/13.2.0/libgcc.a(_clz.o)
                              /tools/software/riscv/riscv32-unknown-elf-gcc/bin/../lib/gcc/riscv32-unknown-elf/13.2.0/libgcc.a(_udivdi3.o) (__clz_tab)
/tools/software/riscv/riscv32-unknown-elf-gcc/bin/../lib/gcc/riscv32-unknown-elf/13.2.0/libgcc.a(_clzsi2.o)
                              /tools/software/riscv/riscv32-unknown-elf-gcc/bin/../lib/gcc/riscv32-unknown-elf/13.2.0/libgcc.a(adddf3.o) (__clzsi2)
/tools/software/riscv/riscv32-unknown-elf-gcc/bin/../lib/gcc/riscv32-unknown-elf/13.2.0/../../../../riscv32-unknown-elf/lib/libc.a(libc_a-exit.o)
                              /tools/software/riscv/riscv32-unknown-elf-gcc/bin/../lib/gcc/riscv32-unknown-elf/13.2.0/../../../../riscv32-unknown-elf/lib/crt0.o (exit)
/tools/software/riscv/riscv32-unknown-elf-gcc/bin/../lib/gcc/riscv32-unknown-elf/13.2.0/../../../../riscv32-unknown-elf/lib/libc.a(libc_a-findfp.o)
                              /tools/software/riscv/riscv32-unknown-elf-gcc/bin/../lib/gcc/riscv32-unknown-elf/13.2.0/../../../../riscv32-unknown-elf/lib/libc.a(libc_a-exit.o) (__stdio_exit_handler)
/tools/software/riscv/riscv32-unknown-elf-gcc/bin/../lib/gcc/riscv32-unknown-elf/13.2.0/../../../../riscv32-unknown-elf/lib/libc.a(libc_a-fwalk.o)
                              /tools/software/riscv/riscv32-unknown-elf-gcc/bin/../lib/gcc/riscv32-unknown-elf/13.2.0/../../../../riscv32-unknown-elf/lib/libc.a(libc_a-findfp.o) (_fwalk_sglue)
/tools/software/riscv/riscv32-unknown-elf-gcc/bin/../lib/gcc/riscv32-unknown-elf/13.2.0/../../../../riscv32-unknown-elf/lib/libc.a(libc_a-stdio.o)
                              /tools/software/riscv/riscv32-unknown-elf-gcc/bin/../lib/gcc/riscv32-unknown-elf/13.2.0/../../../../riscv32-unknown-elf/lib/libc.a(libc_a-findfp.o) (__sread)
/tools/software/riscv/riscv32-unknown-elf-gcc/bin/../lib/gcc/riscv32-unknown-elf/13.2.0/../../../../riscv32-unknown-elf/lib/libc.a(libc_a-closer.o)
                              /tools/software/riscv/riscv32-unknown-elf-gcc/bin/../lib/gcc/riscv32-unknown-elf/13.2.0/../../../../riscv32-unknown-elf/lib/libc.a(libc_a-stdio.o) (_close_r)
/tools/software/riscv/riscv32-unknown-elf-gcc/bin/../lib/gcc/riscv32-unknown-elf/13.2.0/../../../../riscv32-unknown-elf/lib/libc.a(libc_a-reent.o)
[...]
Memory Configuration

Name             Origin             Length             Attributes
ITCM             0x80000000         0x20000000         x
DTCM             0xa0000000         0x20000000         rw
*default*        0x00000000         0xffffffff

Linker script and memory map

LOAD /tools/software/riscv/riscv32-unknown-elf-gcc/bin/../lib/gcc/riscv32-unknown-elf/13.2.0/../../../../riscv32-unknown-elf/lib/crt0.o
LOAD /tools/software/riscv/riscv32-unknown-elf-gcc/bin/../lib/gcc/riscv32-unknown-elf/13.2.0/crtbegin.o
LOAD CMakeFiles/hello.elf.dir/hal/toy/startup.S.obj
LOAD CMakeFiles/hello.elf.dir/hal/toy/to_host.c.obj
LOAD CMakeFiles/hello.elf.dir/hal/toy/init.c.obj
LOAD CMakeFiles/hello.elf.dir/hal/toy/global.c.obj
LOAD CMakeFiles/hello.elf.dir/hal/toy/pmp_init.c.obj
LOAD CMakeFiles/hello.elf.dir/hal/toy/trap_handle_func/ecall.c.obj
LOAD CMakeFiles/hello.elf.dir/hal/toy/trap_handle_func/illegal_inst.c.obj
LOAD CMakeFiles/hello.elf.dir/hal/toy/trap_handle_func/ebreak.c.obj
LOAD CMakeFiles/hello.elf.dir/hal/toy/trap_handle_func/ext_inter_proc.c.obj
LOAD CMakeFiles/hello.elf.dir/hal/toy/trap_handle_func/fetch_access.c.obj
LOAD CMakeFiles/hello.elf.dir/hal/toy/trap_handler.c.obj
LOAD CMakeFiles/hello.elf.dir/hal/riscv/cycle.c.obj
LOAD CMakeFiles/hello.elf.dir/hal/riscv/strcmp.S.obj
LOAD CMakeFiles/hello.elf.dir/driver/uart.c.obj
LOAD CMakeFiles/hello.elf.dir/lib/print/printf.c.obj
LOAD CMakeFiles/hello.elf.dir/test/hello/hello.c.obj
LOAD /tools/software/riscv/riscv32-unknown-elf-gcc/bin/../lib/gcc/riscv32-unknown-elf/13.2.0/libgcc.a
START GROUP
LOAD /tools/software/riscv/riscv32-unknown-elf-gcc/bin/../lib/gcc/riscv32-unknown-elf/13.2.0/../../../../riscv32-unknown-elf/lib/libc.a
LOAD /tools/software/riscv/riscv32-unknown-elf-gcc/bin/../lib/gcc/riscv32-unknown-elf/13.2.0/../../../../riscv32-unknown-elf/lib/libgloss.a
END GROUP
LOAD /tools/software/riscv/riscv32-unknown-elf-gcc/bin/../lib/gcc/riscv32-unknown-elf/13.2.0/libgcc.a
LOAD /tools/software/riscv/riscv32-unknown-elf-gcc/bin/../lib/gcc/riscv32-unknown-elf/13.2.0/crtend.o
                0x00004000                        PROVIDE (__stack_size = 0x4000)
                0x80000000                        . = 0x80000000
                0x80000000                        . = ALIGN (0x4)

.text           0x80000000     0x5894
 *(.text)
 .text          0x80000000      0x208 CMakeFiles/hello.elf.dir/hal/toy/startup.S.obj
                0x80000000                __start
                0x800000ec                _trap_handler
                0x80000188                _trap_exit
 .text          0x80000208      0x430 /tools/software/riscv/riscv32-unknown-elf-gcc/bin/../lib/gcc/riscv32-unknown-elf/13.2.0/libgcc.a(_udivdi3.o)
                0x80000208                __udivdi3
 .text          0x80000638      0x3e4 /tools/software/riscv/riscv32-unknown-elf-gcc/bin/../lib/gcc/riscv32-unknown-elf/13.2.0/libgcc.a(_umoddi3.o)
                0x80000638                __umoddi3
 .text          0x80000a1c      0x794 /tools/software/riscv/riscv32-unknown-elf-gcc/bin/../lib/gcc/riscv32-unknown-elf/13.2.0/libgcc.a(adddf3.o)
                0x80000a1c                __adddf3
 .text          0x800011b0      0x6dc /tools/software/riscv/riscv32-unknown-elf-gcc/bin/../lib/gcc/riscv32-unknown-elf/13.2.0/libgcc.a(divdf3.o)
                0x800011b0                __divdf3
 .text          0x8000188c       0x8c /tools/software/riscv/riscv32-unknown-elf-gcc/bin/../lib/gcc/riscv32-unknown-elf/13.2.0/libgcc.a(eqdf2.o)
                0x8000188c                __eqdf2
                0x8000188c                __nedf2
 .text          0x80001918       0xdc /tools/software/riscv/riscv32-unknown-elf-gcc/bin/../lib/gcc/riscv32-unknown-elf/13.2.0/libgcc.a(gedf2.o)
                0x80001918                __gtdf2
                0x80001918                __gedf2
 .text          0x800019f4       0xdc /tools/software/riscv/riscv32-unknown-elf-gcc/bin/../lib/gcc/riscv32-unknown-elf/13.2.0/libgcc.a(ledf2.o)
                0x800019f4                __ltdf2
                0x800019f4                __ledf2
 .text          0x80001ad0      0x5f0 /tools/software/riscv/riscv32-unknown-elf-gcc/bin/../lib/gcc/riscv32-unknown-elf/13.2.0/libgcc.a(muldf3.o)
                0x80001ad0                __muldf3
 .text          0x800020c0      0x7a8 /tools/software/riscv/riscv32-unknown-elf-gcc/bin/../lib/gcc/riscv32-unknown-elf/13.2.0/libgcc.a(subdf3.o)
                0x800020c0                __subdf3
 .text          0x80002868       0x80 /tools/software/riscv/riscv32-unknown-elf-gcc/bin/../lib/gcc/riscv32-unknown-elf/13.2.0/libgcc.a(fixdfsi.o)
                0x80002868                __fixdfsi
 .text          0x800028e8       0x7c /tools/software/riscv/riscv32-unknown-elf-gcc/bin/../lib/gcc/riscv32-unknown-elf/13.2.0/libgcc.a(fixunsdfsi.o)
                0x800028e8                __fixunsdfsi
 .text          0x80002964       0xa8 /tools/software/riscv/riscv32-unknown-elf-gcc/bin/../lib/gcc/riscv32-unknown-elf/13.2.0/libgcc.a(floatsidf.o)
                0x80002964                __floatsidf
 .text          0x80002a0c       0x80 /tools/software/riscv/riscv32-unknown-elf-gcc/bin/../lib/gcc/riscv32-unknown-elf/13.2.0/libgcc.a(floatunsidf.o)
                0x80002a0c                __floatunsidf
 .text          0x80002a8c       0x4c /tools/software/riscv/riscv32-unknown-elf-gcc/bin/../lib/gcc/riscv32-unknown-elf/13.2.0/libgcc.a(_clzsi2.o)
                0x80002a8c                __clzsi2
 *(.text.*)
 .text.to_host  0x80002ad8       0x30 CMakeFiles/hello.elf.dir/hal/toy/to_host.c.obj
                0x80002ad8                to_host
 .text.pmp_init
                0x80002b08       0x5c CMakeFiles/hello.elf.dir/hal/toy/init.c.obj
                0x80002b08                pmp_init
 .text._putchar
                0x80002b64       0x40 CMakeFiles/hello.elf.dir/hal/toy/init.c.obj
                0x80002b64                _putchar
 .text.init     0x80002ba4       0x50 CMakeFiles/hello.elf.dir/hal/toy/init.c.obj
                0x80002ba4                init
 .text.sbi_ecall_handler
                0x80002bf4       0x80 CMakeFiles/hello.elf.dir/hal/toy/trap_handle_func/ecall.c.obj
                0x80002bf4                sbi_ecall_handler
 .text.sbi_illegal_insn_handler
                0x80002c74       0x70 CMakeFiles/hello.elf.dir/hal/toy/trap_handle_func/illegal_inst.c.obj
                0x80002c74                sbi_illegal_insn_handler
 .text.sbi_ebreak_handler
                0x80002ce4       0x8c CMakeFiles/hello.elf.dir/hal/toy/trap_handle_func/ebreak.c.obj
                0x80002ce4                sbi_ebreak_handler
 .text.sbi_irqchip_process
                0x80002d70       0xb0 CMakeFiles/hello.elf.dir/hal/toy/trap_handle_func/ext_inter_proc.c.obj
                0x80002d70                sbi_irqchip_process
 .text.sbi_fetch_access_handler
                0x80002e20       0x70 CMakeFiles/hello.elf.dir/hal/toy/trap_handle_func/fetch_access.c.obj
                0x80002e20                sbi_fetch_access_handler
 .text.sbi_trap_irq
                0x80002e90       0xa8 CMakeFiles/hello.elf.dir/hal/toy/trap_handler.c.obj
 .text.toy_trap_handler
                0x80002f38      0x1ac CMakeFiles/hello.elf.dir/hal/toy/trap_handler.c.obj
                0x80002f38                toy_trap_handler
 .text.uart_init
                0x800030e4       0x30 CMakeFiles/hello.elf.dir/driver/uart.c.obj
                0x800030e4                uart_init
 .text.uart_put_char
                0x80003114       0x40 CMakeFiles/hello.elf.dir/driver/uart.c.obj
                0x80003114                uart_put_char
 .text._out_null
                0x80003154       0x30 CMakeFiles/hello.elf.dir/lib/print/printf.c.obj
 .text._out_char
                0x80003184       0x4c CMakeFiles/hello.elf.dir/lib/print/printf.c.obj
 .text._strnlen_s
                0x800031d0       0x64 CMakeFiles/hello.elf.dir/lib/print/printf.c.obj
 .text._is_digit
                0x80003234       0x50 CMakeFiles/hello.elf.dir/lib/print/printf.c.obj
 .text._atoi    0x80003284       0x8c CMakeFiles/hello.elf.dir/lib/print/printf.c.obj
 .text._out_rev
                0x80003310      0x140 CMakeFiles/hello.elf.dir/lib/print/printf.c.obj
 .text._ntoa_format
                0x80003450      0x2fc CMakeFiles/hello.elf.dir/lib/print/printf.c.obj
 .text._ntoa_long
                0x8000374c      0x148 CMakeFiles/hello.elf.dir/lib/print/printf.c.obj
 .text._ntoa_long_long
                0x80003894      0x194 CMakeFiles/hello.elf.dir/lib/print/printf.c.obj
 .text._ftoa    0x80003a28      0x720 CMakeFiles/hello.elf.dir/lib/print/printf.c.obj
 .text._etoa    0x80004148      0x870 CMakeFiles/hello.elf.dir/lib/print/printf.c.obj
 .text._vsnprintf
                0x800049b8      0xe28 CMakeFiles/hello.elf.dir/lib/print/printf.c.obj
 .text.printf_  0x800057e0       0x80 CMakeFiles/hello.elf.dir/lib/print/printf.c.obj
                0x800057e0                printf_
 .text.main     0x80005860       0x34 CMakeFiles/hello.elf.dir/test/hello/hello.c.obj
                0x80005860                main
 *(.gnu.linkonce.t.*)
                0xa0000000                        . = 0xa0000000

.rodata         0xa0000000      0x960
 *(.rdata)
 *(.rodata)
 .rodata        0xa0000000       0x33 CMakeFiles/hello.elf.dir/hal/toy/init.c.obj
 *fill*         0xa0000033        0x1 
 .rodata        0xa0000034       0x33 CMakeFiles/hello.elf.dir/hal/toy/trap_handle_func/ecall.c.obj
 *fill*         0xa0000067        0x1 
 .rodata        0xa0000068       0x77 CMakeFiles/hello.elf.dir/hal/toy/trap_handle_func/illegal_inst.c.obj
 *fill*         0xa00000df        0x1 
 .rodata        0xa00000e0       0x74 CMakeFiles/hello.elf.dir/hal/toy/trap_handle_func/ebreak.c.obj
 .rodata        0xa0000154       0xf2 CMakeFiles/hello.elf.dir/hal/toy/trap_handle_func/ext_inter_proc.c.obj
 *fill*         0xa0000246        0x2 
 .rodata        0xa0000248       0x89 CMakeFiles/hello.elf.dir/hal/toy/trap_handle_func/fetch_access.c.obj
 *fill*         0xa00002d1        0x3 
 .rodata        0xa00002d4      0x273 CMakeFiles/hello.elf.dir/hal/toy/trap_handler.c.obj
 *fill*         0xa0000547        0x1 
 .rodata        0xa0000548       0xb0 CMakeFiles/hello.elf.dir/lib/print/printf.c.obj
 .rodata        0xa00005f8        0xd CMakeFiles/hello.elf.dir/test/hello/hello.c.obj
 *fill*         0xa0000605        0x3 
 .rodata        0xa0000608       0x3c /tools/software/riscv/riscv32-unknown-elf-gcc/bin/../lib/gcc/riscv32-unknown-elf/13.2.0/libgcc.a(divdf3.o)
 .rodata        0xa0000644      0x100 /tools/software/riscv/riscv32-unknown-elf-gcc/bin/../lib/gcc/riscv32-unknown-elf/13.2.0/libgcc.a(_clz.o)
                0xa0000644                __clz_tab
 *(.rodata.*)
 .rodata.toy_trap_handler
                0xa0000744       0x30 CMakeFiles/hello.elf.dir/hal/toy/trap_handler.c.obj
 .rodata._vsnprintf
                0xa0000774      0x19c CMakeFiles/hello.elf.dir/lib/print/printf.c.obj
 .rodata.pow10.0
                0xa0000910       0x50 CMakeFiles/hello.elf.dir/lib/print/printf.c.obj
 *(.srodata)
 *(.srodata.*)
 *(.srodata.cst4*)
 *(.srodata.cst8*)
 *(.gnu.linkonce.r.*)

.rela.dyn       0xa0000960        0x0
 .rela.text     0xa0000960        0x0 CMakeFiles/hello.elf.dir/hal/toy/startup.S.obj
                0xa0000960                        . = ALIGN (0x4)
                [!provide]                        PROVIDE (__rw_start__ = .)

.data
 *(.data)
 *(.data.*)
 *(.gnu.linkonce.d.*)

.sdata          0xa0000960        0x4
 *(.sdata)
 *(.sdata.*)
 .sdata.global_cnt
                0xa0000960        0x4 CMakeFiles/hello.elf.dir/hal/toy/global.c.obj
                0xa0000960                global_cnt
 *(.srodata.*)
 *(.gnu.linkonce.s.*)
                [!provide]                        PROVIDE (__rw_end__ = .)
                0xa0000964                        . = ALIGN (0x4)
                0xa0000964                        PROVIDE (__sbss_start = .)

.sbss           0xa0000964        0x4
 *(.sbss)
 *(.sbss.*)
 .sbss.uart     0xa0000964        0x4 CMakeFiles/hello.elf.dir/hal/toy/init.c.obj
                0xa0000964                uart
 *(.gnu.linkonce.sb.*)
                0xa0000968                        PROVIDE (__sbss_end = .)
                0xa0000968                        . = ALIGN (0x4)
                0xa0000968                        PROVIDE (__bss_start = .)

.bss
 *(.bss)
 *(.bss.*)
 *(.gnu.linkonce.b.*)
 *(COMMON)
                0xa0000968                        PROVIDE (__bss_end = .)

.stack          0xa0000968 0x1ffff698
                0xbfffc000                        . = ((ORIGIN (DTCM) + LENGTH (DTCM)) - __stack_size)
 *fill*         0xa0000968 0x1fffb698 
                0xc0000000                        . = (ORIGIN (DTCM) + LENGTH (DTCM))
 *fill*         0xbfffc000     0x4000 
                0xc0000000                        PROVIDE (__stack_base = .)
                0xc0000000                        _end = .
OUTPUT(test/hello/build/toy_bm/hello.elf elf32-littleriscv)

.riscv.attributes
                0x00000000       0x37
 .riscv.attributes
                0x00000000       0x35 CMakeFiles/hello.elf.dir/hal/toy/startup.S.obj
 .riscv.attributes
                0x00000035       0x33 CMakeFiles/hello.elf.dir/hal/toy/to_host.c.obj
 .riscv.attributes
                0x00000068       0x37 CMakeFiles/hello.elf.dir/hal/toy/init.c.obj
 .riscv.attributes
                0x0000009f       0x33 CMakeFiles/hello.elf.dir/hal/toy/global.c.obj
 .riscv.attributes
                0x000000d2       0x37 CMakeFiles/hello.elf.dir/hal/toy/trap_handle_func/ecall.c.obj
 .riscv.attributes
                0x00000109       0x37 CMakeFiles/hello.elf.dir/hal/toy/trap_handle_func/illegal_inst.c.obj
 .riscv.attributes
                0x00000140       0x37 CMakeFiles/hello.elf.dir/hal/toy/trap_handle_func/ebreak.c.obj
 .riscv.attributes
                0x00000177       0x37 CMakeFiles/hello.elf.dir/hal/toy/trap_handle_func/ext_inter_proc.c.obj
 .riscv.attributes
                0x000001ae       0x37 CMakeFiles/hello.elf.dir/hal/toy/trap_handle_func/fetch_access.c.obj
 .riscv.attributes
                0x000001e5       0x37 CMakeFiles/hello.elf.dir/hal/toy/trap_handler.c.obj
 .riscv.attributes
                0x0000021c       0x33 CMakeFiles/hello.elf.dir/driver/uart.c.obj
 .riscv.attributes
                0x0000024f       0x33 CMakeFiles/hello.elf.dir/lib/print/printf.c.obj
 .riscv.attributes
                0x00000282       0x33 CMakeFiles/hello.elf.dir/test/hello/hello.c.obj
 .riscv.attributes
                0x000002b5       0x2a /tools/software/riscv/riscv32-unknown-elf-gcc/bin/../lib/gcc/riscv32-unknown-elf/13.2.0/libgcc.a(_udivdi3.o)
 .riscv.attributes
                0x000002df       0x2a /tools/software/riscv/riscv32-unknown-elf-gcc/bin/../lib/gcc/riscv32-unknown-elf/13.2.0/libgcc.a(_umoddi3.o)
 .riscv.attributes
                0x00000309       0x2a /tools/software/riscv/riscv32-unknown-elf-gcc/bin/../lib/gcc/riscv32-unknown-elf/13.2.0/libgcc.a(adddf3.o)
 .riscv.attributes
                0x00000333       0x2a /tools/software/riscv/riscv32-unknown-elf-gcc/bin/../lib/gcc/riscv32-unknown-elf/13.2.0/libgcc.a(divdf3.o)
 .riscv.attributes
                0x0000035d       0x2a /tools/software/riscv/riscv32-unknown-elf-gcc/bin/../lib/gcc/riscv32-unknown-elf/13.2.0/libgcc.a(eqdf2.o)
 .riscv.attributes
                0x00000387       0x2a /tools/software/riscv/riscv32-unknown-elf-gcc/bin/../lib/gcc/riscv32-unknown-elf/13.2.0/libgcc.a(gedf2.o)
 .riscv.attributes
                0x000003b1       0x2a /tools/software/riscv/riscv32-unknown-elf-gcc/bin/../lib/gcc/riscv32-unknown-elf/13.2.0/libgcc.a(ledf2.o)
 .riscv.attributes
                0x000003db       0x2a /tools/software/riscv/riscv32-unknown-elf-gcc/bin/../lib/gcc/riscv32-unknown-elf/13.2.0/libgcc.a(muldf3.o)
 .riscv.attributes
                0x00000405       0x2a /tools/software/riscv/riscv32-unknown-elf-gcc/bin/../lib/gcc/riscv32-unknown-elf/13.2.0/libgcc.a(subdf3.o)
 .riscv.attributes
                0x0000042f       0x2a /tools/software/riscv/riscv32-unknown-elf-gcc/bin/../lib/gcc/riscv32-unknown-elf/13.2.0/libgcc.a(fixdfsi.o)
 .riscv.attributes
                0x00000459       0x2a /tools/software/riscv/riscv32-unknown-elf-gcc/bin/../lib/gcc/riscv32-unknown-elf/13.2.0/libgcc.a(fixunsdfsi.o)
 .riscv.attributes
                0x00000483       0x2a /tools/software/riscv/riscv32-unknown-elf-gcc/bin/../lib/gcc/riscv32-unknown-elf/13.2.0/libgcc.a(floatsidf.o)
 .riscv.attributes
                0x000004ad       0x2a /tools/software/riscv/riscv32-unknown-elf-gcc/bin/../lib/gcc/riscv32-unknown-elf/13.2.0/libgcc.a(floatunsidf.o)
 .riscv.attributes
                0x000004d7       0x2a /tools/software/riscv/riscv32-unknown-elf-gcc/bin/../lib/gcc/riscv32-unknown-elf/13.2.0/libgcc.a(_clz.o)
 .riscv.attributes
                0x00000501       0x2a /tools/software/riscv/riscv32-unknown-elf-gcc/bin/../lib/gcc/riscv32-unknown-elf/13.2.0/libgcc.a(_clzsi2.o)

.comment        0x00000000       0x1b
 .comment       0x00000000       0x1b CMakeFiles/hello.elf.dir/hal/toy/to_host.c.obj
                                 0x1c (size before relaxing)
 .comment       0x0000001b       0x1c CMakeFiles/hello.elf.dir/hal/toy/init.c.obj
 .comment       0x0000001b       0x1c CMakeFiles/hello.elf.dir/hal/toy/global.c.obj
 .comment       0x0000001b       0x1c CMakeFiles/hello.elf.dir/hal/toy/trap_handle_func/ecall.c.obj
 .comment       0x0000001b       0x1c CMakeFiles/hello.elf.dir/hal/toy/trap_handle_func/illegal_inst.c.obj
 .comment       0x0000001b       0x1c CMakeFiles/hello.elf.dir/hal/toy/trap_handle_func/ebreak.c.obj
 .comment       0x0000001b       0x1c CMakeFiles/hello.elf.dir/hal/toy/trap_handle_func/ext_inter_proc.c.obj
 .comment       0x0000001b       0x1c CMakeFiles/hello.elf.dir/hal/toy/trap_handle_func/fetch_access.c.obj
 .comment       0x0000001b       0x1c CMakeFiles/hello.elf.dir/hal/toy/trap_handler.c.obj
 .comment       0x0000001b       0x1c CMakeFiles/hello.elf.dir/driver/uart.c.obj
 .comment       0x0000001b       0x1c CMakeFiles/hello.elf.dir/lib/print/printf.c.obj
 .comment       0x0000001b       0x1c CMakeFiles/hello.elf.dir/test/hello/hello.c.obj
 .comment       0x0000001b       0x1c /tools/software/riscv/riscv32-unknown-elf-gcc/bin/../lib/gcc/riscv32-unknown-elf/13.2.0/libgcc.a(_udivdi3.o)
 .comment       0x0000001b       0x1c /tools/software/riscv/riscv32-unknown-elf-gcc/bin/../lib/gcc/riscv32-unknown-elf/13.2.0/libgcc.a(_umoddi3.o)
 .comment       0x0000001b       0x1c /tools/software/riscv/riscv32-unknown-elf-gcc/bin/../lib/gcc/riscv32-unknown-elf/13.2.0/libgcc.a(adddf3.o)
 .comment       0x0000001b       0x1c /tools/software/riscv/riscv32-unknown-elf-gcc/bin/../lib/gcc/riscv32-unknown-elf/13.2.0/libgcc.a(divdf3.o)
 .comment       0x0000001b       0x1c /tools/software/riscv/riscv32-unknown-elf-gcc/bin/../lib/gcc/riscv32-unknown-elf/13.2.0/libgcc.a(eqdf2.o)
 .comment       0x0000001b       0x1c /tools/software/riscv/riscv32-unknown-elf-gcc/bin/../lib/gcc/riscv32-unknown-elf/13.2.0/libgcc.a(gedf2.o)
 .comment       0x0000001b       0x1c /tools/software/riscv/riscv32-unknown-elf-gcc/bin/../lib/gcc/riscv32-unknown-elf/13.2.0/libgcc.a(ledf2.o)
 .comment       0x0000001b       0x1c /tools/software/riscv/riscv32-unknown-elf-gcc/bin/../lib/gcc/riscv32-unknown-elf/13.2.0/libgcc.a(muldf3.o)
 .comment       0x0000001b       0x1c /tools/software/riscv/riscv32-unknown-elf-gcc/bin/../lib/gcc/riscv32-unknown-elf/13.2.0/libgcc.a(subdf3.o)
 .comment       0x0000001b       0x1c /tools/software/riscv/riscv32-unknown-elf-gcc/bin/../lib/gcc/riscv32-unknown-elf/13.2.0/libgcc.a(fixdfsi.o)
 .comment       0x0000001b       0x1c /tools/software/riscv/riscv32-unknown-elf-gcc/bin/../lib/gcc/riscv32-unknown-elf/13.2.0/libgcc.a(fixunsdfsi.o)
 .comment       0x0000001b       0x1c /tools/software/riscv/riscv32-unknown-elf-gcc/bin/../lib/gcc/riscv32-unknown-elf/13.2.0/libgcc.a(floatsidf.o)
 .comment       0x0000001b       0x1c /tools/software/riscv/riscv32-unknown-elf-gcc/bin/../lib/gcc/riscv32-unknown-elf/13.2.0/libgcc.a(floatunsidf.o)
 .comment       0x0000001b       0x1c /tools/software/riscv/riscv32-unknown-elf-gcc/bin/../lib/gcc/riscv32-unknown-elf/13.2.0/libgcc.a(_clz.o)
 .comment       0x0000001b       0x1c /tools/software/riscv/riscv32-unknown-elf-gcc/bin/../lib/gcc/riscv32-unknown-elf/13.2.0/libgcc.a(_clzsi2.o)

.debug_info     0x00000000     0x372f
 .debug_info    0x00000000      0x76f /tools/software/riscv/riscv32-unknown-elf-gcc/bin/../lib/gcc/riscv32-unknown-elf/13.2.0/libgcc.a(_udivdi3.o)
 .debug_info    0x0000076f      0x7c2 /tools/software/riscv/riscv32-unknown-elf-gcc/bin/../lib/gcc/riscv32-unknown-elf/13.2.0/libgcc.a(_umoddi3.o)
 .debug_info    0x00000f31      0x501 /tools/software/riscv/riscv32-unknown-elf-gcc/bin/../lib/gcc/riscv32-unknown-elf/13.2.0/libgcc.a(adddf3.o)
 .debug_info    0x00001432      0x67b /tools/software/riscv/riscv32-unknown-elf-gcc/bin/../lib/gcc/riscv32-unknown-elf/13.2.0/libgcc.a(divdf3.o)
 .debug_info    0x00001aad      0x221 /tools/software/riscv/riscv32-unknown-elf-gcc/bin/../lib/gcc/riscv32-unknown-elf/13.2.0/libgcc.a(eqdf2.o)
 .debug_info    0x00001cce      0x225 /tools/software/riscv/riscv32-unknown-elf-gcc/bin/../lib/gcc/riscv32-unknown-elf/13.2.0/libgcc.a(gedf2.o)
 .debug_info    0x00001ef3      0x225 /tools/software/riscv/riscv32-unknown-elf-gcc/bin/../lib/gcc/riscv32-unknown-elf/13.2.0/libgcc.a(ledf2.o)
 .debug_info    0x00002118      0x6a4 /tools/software/riscv/riscv32-unknown-elf-gcc/bin/../lib/gcc/riscv32-unknown-elf/13.2.0/libgcc.a(muldf3.o)
 .debug_info    0x000027bc      0x501 /tools/software/riscv/riscv32-unknown-elf-gcc/bin/../lib/gcc/riscv32-unknown-elf/13.2.0/libgcc.a(subdf3.o)
 .debug_info    0x00002cbd      0x1ca /tools/software/riscv/riscv32-unknown-elf-gcc/bin/../lib/gcc/riscv32-unknown-elf/13.2.0/libgcc.a(fixdfsi.o)
 .debug_info    0x00002e87      0x1ad /tools/software/riscv/riscv32-unknown-elf-gcc/bin/../lib/gcc/riscv32-unknown-elf/13.2.0/libgcc.a(fixunsdfsi.o)
 .debug_info    0x00003034      0x268 /tools/software/riscv/riscv32-unknown-elf-gcc/bin/../lib/gcc/riscv32-unknown-elf/13.2.0/libgcc.a(floatsidf.o)
 .debug_info    0x0000329c      0x25d /tools/software/riscv/riscv32-unknown-elf-gcc/bin/../lib/gcc/riscv32-unknown-elf/13.2.0/libgcc.a(floatunsidf.o)
 .debug_info    0x000034f9       0xe6 /tools/software/riscv/riscv32-unknown-elf-gcc/bin/../lib/gcc/riscv32-unknown-elf/13.2.0/libgcc.a(_clz.o)
 .debug_info    0x000035df      0x150 /tools/software/riscv/riscv32-unknown-elf-gcc/bin/../lib/gcc/riscv32-unknown-elf/13.2.0/libgcc.a(_clzsi2.o)

.debug_abbrev   0x00000000     0x1413
 .debug_abbrev  0x00000000      0x1a6 /tools/software/riscv/riscv32-unknown-elf-gcc/bin/../lib/gcc/riscv32-unknown-elf/13.2.0/libgcc.a(_udivdi3.o)
 .debug_abbrev  0x000001a6      0x1aa /tools/software/riscv/riscv32-unknown-elf-gcc/bin/../lib/gcc/riscv32-unknown-elf/13.2.0/libgcc.a(_umoddi3.o)
 .debug_abbrev  0x00000350      0x176 /tools/software/riscv/riscv32-unknown-elf-gcc/bin/../lib/gcc/riscv32-unknown-elf/13.2.0/libgcc.a(adddf3.o)
 .debug_abbrev  0x000004c6      0x173 /tools/software/riscv/riscv32-unknown-elf-gcc/bin/../lib/gcc/riscv32-unknown-elf/13.2.0/libgcc.a(divdf3.o)
 .debug_abbrev  0x00000639      0x153 /tools/software/riscv/riscv32-unknown-elf-gcc/bin/../lib/gcc/riscv32-unknown-elf/13.2.0/libgcc.a(eqdf2.o)
 .debug_abbrev  0x0000078c      0x166 /tools/software/riscv/riscv32-unknown-elf-gcc/bin/../lib/gcc/riscv32-unknown-elf/13.2.0/libgcc.a(gedf2.o)
 .debug_abbrev  0x000008f2      0x166 /tools/software/riscv/riscv32-unknown-elf-gcc/bin/../lib/gcc/riscv32-unknown-elf/13.2.0/libgcc.a(ledf2.o)
 .debug_abbrev  0x00000a58      0x185 /tools/software/riscv/riscv32-unknown-elf-gcc/bin/../lib/gcc/riscv32-unknown-elf/13.2.0/libgcc.a(muldf3.o)
 .debug_abbrev  0x00000bdd      0x176 /tools/software/riscv/riscv32-unknown-elf-gcc/bin/../lib/gcc/riscv32-unknown-elf/13.2.0/libgcc.a(subdf3.o)
 .debug_abbrev  0x00000d53      0x15d /tools/software/riscv/riscv32-unknown-elf-gcc/bin/../lib/gcc/riscv32-unknown-elf/13.2.0/libgcc.a(fixdfsi.o)
 .debug_abbrev  0x00000eb0      0x162 /tools/software/riscv/riscv32-unknown-elf-gcc/bin/../lib/gcc/riscv32-unknown-elf/13.2.0/libgcc.a(fixunsdfsi.o)
 .debug_abbrev  0x00001012      0x164 /tools/software/riscv/riscv32-unknown-elf-gcc/bin/../lib/gcc/riscv32-unknown-elf/13.2.0/libgcc.a(floatsidf.o)
 .debug_abbrev  0x00001176      0x163 /tools/software/riscv/riscv32-unknown-elf-gcc/bin/../lib/gcc/riscv32-unknown-elf/13.2.0/libgcc.a(floatunsidf.o)
 .debug_abbrev  0x000012d9       0x70 /tools/software/riscv/riscv32-unknown-elf-gcc/bin/../lib/gcc/riscv32-unknown-elf/13.2.0/libgcc.a(_clz.o)
 .debug_abbrev  0x00001349       0xca /tools/software/riscv/riscv32-unknown-elf-gcc/bin/../lib/gcc/riscv32-unknown-elf/13.2.0/libgcc.a(_clzsi2.o)

.debug_loclists
                0x00000000     0x3ea2
 .debug_loclists
                0x00000000      0x704 /tools/software/riscv/riscv32-unknown-elf-gcc/bin/../lib/gcc/riscv32-unknown-elf/13.2.0/libgcc.a(_udivdi3.o)
 .debug_loclists
                0x00000704      0x586 /tools/software/riscv/riscv32-unknown-elf-gcc/bin/../lib/gcc/riscv32-unknown-elf/13.2.0/libgcc.a(_umoddi3.o)
 .debug_loclists
                0x00000c8a      0xabf /tools/software/riscv/riscv32-unknown-elf-gcc/bin/../lib/gcc/riscv32-unknown-elf/13.2.0/libgcc.a(adddf3.o)
 .debug_loclists
                0x00001749      0xf50 /tools/software/riscv/riscv32-unknown-elf-gcc/bin/../lib/gcc/riscv32-unknown-elf/13.2.0/libgcc.a(divdf3.o)
 .debug_loclists
                0x00002699       0x6f /tools/software/riscv/riscv32-unknown-elf-gcc/bin/../lib/gcc/riscv32-unknown-elf/13.2.0/libgcc.a(eqdf2.o)
 .debug_loclists
                0x00002708       0xdc /tools/software/riscv/riscv32-unknown-elf-gcc/bin/../lib/gcc/riscv32-unknown-elf/13.2.0/libgcc.a(gedf2.o)
 .debug_loclists
                0x000027e4       0xdc /tools/software/riscv/riscv32-unknown-elf-gcc/bin/../lib/gcc/riscv32-unknown-elf/13.2.0/libgcc.a(ledf2.o)
 .debug_loclists
                0x000028c0      0x7f5 /tools/software/riscv/riscv32-unknown-elf-gcc/bin/../lib/gcc/riscv32-unknown-elf/13.2.0/libgcc.a(muldf3.o)
 .debug_loclists
                0x000030b5      0xac4 /tools/software/riscv/riscv32-unknown-elf-gcc/bin/../lib/gcc/riscv32-unknown-elf/13.2.0/libgcc.a(subdf3.o)
 .debug_loclists
                0x00003b79       0xcf /tools/software/riscv/riscv32-unknown-elf-gcc/bin/../lib/gcc/riscv32-unknown-elf/13.2.0/libgcc.a(fixdfsi.o)
 .debug_loclists
                0x00003c48       0x90 /tools/software/riscv/riscv32-unknown-elf-gcc/bin/../lib/gcc/riscv32-unknown-elf/13.2.0/libgcc.a(fixunsdfsi.o)
 .debug_loclists
                0x00003cd8       0xd2 /tools/software/riscv/riscv32-unknown-elf-gcc/bin/../lib/gcc/riscv32-unknown-elf/13.2.0/libgcc.a(floatsidf.o)
 .debug_loclists
                0x00003daa       0xb4 /tools/software/riscv/riscv32-unknown-elf-gcc/bin/../lib/gcc/riscv32-unknown-elf/13.2.0/libgcc.a(floatunsidf.o)
 .debug_loclists
                0x00003e5e       0x44 /tools/software/riscv/riscv32-unknown-elf-gcc/bin/../lib/gcc/riscv32-unknown-elf/13.2.0/libgcc.a(_clzsi2.o)

.debug_aranges  0x00000000      0x1d8
 .debug_aranges
                0x00000000       0x20 /tools/software/riscv/riscv32-unknown-elf-gcc/bin/../lib/gcc/riscv32-unknown-elf/13.2.0/libgcc.a(_udivdi3.o)
 .debug_aranges
                0x00000020       0x20 /tools/software/riscv/riscv32-unknown-elf-gcc/bin/../lib/gcc/riscv32-unknown-elf/13.2.0/libgcc.a(_umoddi3.o)
 .debug_aranges
                0x00000040       0x20 /tools/software/riscv/riscv32-unknown-elf-gcc/bin/../lib/gcc/riscv32-unknown-elf/13.2.0/libgcc.a(adddf3.o)
 .debug_aranges
                0x00000060       0x20 /tools/software/riscv/riscv32-unknown-elf-gcc/bin/../lib/gcc/riscv32-unknown-elf/13.2.0/libgcc.a(divdf3.o)
 .debug_aranges
                0x00000080       0x20 /tools/software/riscv/riscv32-unknown-elf-gcc/bin/../lib/gcc/riscv32-unknown-elf/13.2.0/libgcc.a(eqdf2.o)
 .debug_aranges
                0x000000a0       0x20 /tools/software/riscv/riscv32-unknown-elf-gcc/bin/../lib/gcc/riscv32-unknown-elf/13.2.0/libgcc.a(gedf2.o)
 .debug_aranges
                0x000000c0       0x20 /tools/software/riscv/riscv32-unknown-elf-gcc/bin/../lib/gcc/riscv32-unknown-elf/13.2.0/libgcc.a(ledf2.o)
 .debug_aranges
                0x000000e0       0x20 /tools/software/riscv/riscv32-unknown-elf-gcc/bin/../lib/gcc/riscv32-unknown-elf/13.2.0/libgcc.a(muldf3.o)
 .debug_aranges
                0x00000100       0x20 /tools/software/riscv/riscv32-unknown-elf-gcc/bin/../lib/gcc/riscv32-unknown-elf/13.2.0/libgcc.a(subdf3.o)
 .debug_aranges
                0x00000120       0x20 /tools/software/riscv/riscv32-unknown-elf-gcc/bin/../lib/gcc/riscv32-unknown-elf/13.2.0/libgcc.a(fixdfsi.o)
 .debug_aranges
                0x00000140       0x20 /tools/software/riscv/riscv32-unknown-elf-gcc/bin/../lib/gcc/riscv32-unknown-elf/13.2.0/libgcc.a(fixunsdfsi.o)
 .debug_aranges
                0x00000160       0x20 /tools/software/riscv/riscv32-unknown-elf-gcc/bin/../lib/gcc/riscv32-unknown-elf/13.2.0/libgcc.a(floatsidf.o)
 .debug_aranges
                0x00000180       0x20 /tools/software/riscv/riscv32-unknown-elf-gcc/bin/../lib/gcc/riscv32-unknown-elf/13.2.0/libgcc.a(floatunsidf.o)
 .debug_aranges
                0x000001a0       0x18 /tools/software/riscv/riscv32-unknown-elf-gcc/bin/../lib/gcc/riscv32-unknown-elf/13.2.0/libgcc.a(_clz.o)
 .debug_aranges
                0x000001b8       0x20 /tools/software/riscv/riscv32-unknown-elf-gcc/bin/../lib/gcc/riscv32-unknown-elf/13.2.0/libgcc.a(_clzsi2.o)

.debug_rnglists
                0x00000000      0x5c2
 .debug_rnglists
                0x00000000       0x99 /tools/software/riscv/riscv32-unknown-elf-gcc/bin/../lib/gcc/riscv32-unknown-elf/13.2.0/libgcc.a(_udivdi3.o)
 .debug_rnglists
                0x00000099       0x66 /tools/software/riscv/riscv32-unknown-elf-gcc/bin/../lib/gcc/riscv32-unknown-elf/13.2.0/libgcc.a(_umoddi3.o)
 .debug_rnglists
                0x000000ff       0xc7 /tools/software/riscv/riscv32-unknown-elf-gcc/bin/../lib/gcc/riscv32-unknown-elf/13.2.0/libgcc.a(adddf3.o)
 .debug_rnglists
                0x000001c6       0xcf /tools/software/riscv/riscv32-unknown-elf-gcc/bin/../lib/gcc/riscv32-unknown-elf/13.2.0/libgcc.a(divdf3.o)
 .debug_rnglists
                0x00000295       0x23 /tools/software/riscv/riscv32-unknown-elf-gcc/bin/../lib/gcc/riscv32-unknown-elf/13.2.0/libgcc.a(eqdf2.o)
 .debug_rnglists
                0x000002b8       0x38 /tools/software/riscv/riscv32-unknown-elf-gcc/bin/../lib/gcc/riscv32-unknown-elf/13.2.0/libgcc.a(gedf2.o)
 .debug_rnglists
                0x000002f0       0x38 /tools/software/riscv/riscv32-unknown-elf-gcc/bin/../lib/gcc/riscv32-unknown-elf/13.2.0/libgcc.a(ledf2.o)
 .debug_rnglists
                0x00000328      0x136 /tools/software/riscv/riscv32-unknown-elf-gcc/bin/../lib/gcc/riscv32-unknown-elf/13.2.0/libgcc.a(muldf3.o)
 .debug_rnglists
                0x0000045e       0xc7 /tools/software/riscv/riscv32-unknown-elf-gcc/bin/../lib/gcc/riscv32-unknown-elf/13.2.0/libgcc.a(subdf3.o)
 .debug_rnglists
                0x00000525       0x13 /tools/software/riscv/riscv32-unknown-elf-gcc/bin/../lib/gcc/riscv32-unknown-elf/13.2.0/libgcc.a(fixdfsi.o)
 .debug_rnglists
                0x00000538       0x16 /tools/software/riscv/riscv32-unknown-elf-gcc/bin/../lib/gcc/riscv32-unknown-elf/13.2.0/libgcc.a(fixunsdfsi.o)
 .debug_rnglists
                0x0000054e       0x2f /tools/software/riscv/riscv32-unknown-elf-gcc/bin/../lib/gcc/riscv32-unknown-elf/13.2.0/libgcc.a(floatsidf.o)
 .debug_rnglists
                0x0000057d       0x2f /tools/software/riscv/riscv32-unknown-elf-gcc/bin/../lib/gcc/riscv32-unknown-elf/13.2.0/libgcc.a(floatunsidf.o)
 .debug_rnglists
                0x000005ac       0x16 /tools/software/riscv/riscv32-unknown-elf-gcc/bin/../lib/gcc/riscv32-unknown-elf/13.2.0/libgcc.a(_clzsi2.o)

.debug_line     0x00000000     0x69a1
 .debug_line    0x00000000      0x905 /tools/software/riscv/riscv32-unknown-elf-gcc/bin/../lib/gcc/riscv32-unknown-elf/13.2.0/libgcc.a(_udivdi3.o)
 .debug_line    0x00000905      0x963 /tools/software/riscv/riscv32-unknown-elf-gcc/bin/../lib/gcc/riscv32-unknown-elf/13.2.0/libgcc.a(_umoddi3.o)
 .debug_line    0x00001268     0x1224 /tools/software/riscv/riscv32-unknown-elf-gcc/bin/../lib/gcc/riscv32-unknown-elf/13.2.0/libgcc.a(adddf3.o)
 .debug_line    0x0000248c     0x106b /tools/software/riscv/riscv32-unknown-elf-gcc/bin/../lib/gcc/riscv32-unknown-elf/13.2.0/libgcc.a(divdf3.o)
 .debug_line    0x000034f7      0x277 /tools/software/riscv/riscv32-unknown-elf-gcc/bin/../lib/gcc/riscv32-unknown-elf/13.2.0/libgcc.a(eqdf2.o)
 .debug_line    0x0000376e      0x372 /tools/software/riscv/riscv32-unknown-elf-gcc/bin/../lib/gcc/riscv32-unknown-elf/13.2.0/libgcc.a(gedf2.o)
 .debug_line    0x00003ae0      0x372 /tools/software/riscv/riscv32-unknown-elf-gcc/bin/../lib/gcc/riscv32-unknown-elf/13.2.0/libgcc.a(ledf2.o)
 .debug_line    0x00003e52      0xfa3 /tools/software/riscv/riscv32-unknown-elf-gcc/bin/../lib/gcc/riscv32-unknown-elf/13.2.0/libgcc.a(muldf3.o)
 .debug_line    0x00004df5     0x1270 /tools/software/riscv/riscv32-unknown-elf-gcc/bin/../lib/gcc/riscv32-unknown-elf/13.2.0/libgcc.a(subdf3.o)
 .debug_line    0x00006065      0x1db /tools/software/riscv/riscv32-unknown-elf-gcc/bin/../lib/gcc/riscv32-unknown-elf/13.2.0/libgcc.a(fixdfsi.o)
 .debug_line    0x00006240      0x1bb /tools/software/riscv/riscv32-unknown-elf-gcc/bin/../lib/gcc/riscv32-unknown-elf/13.2.0/libgcc.a(fixunsdfsi.o)
 .debug_line    0x000063fb      0x24f /tools/software/riscv/riscv32-unknown-elf-gcc/bin/../lib/gcc/riscv32-unknown-elf/13.2.0/libgcc.a(floatsidf.o)
 .debug_line    0x0000664a      0x239 /tools/software/riscv/riscv32-unknown-elf-gcc/bin/../lib/gcc/riscv32-unknown-elf/13.2.0/libgcc.a(floatunsidf.o)
 .debug_line    0x00006883       0x3f /tools/software/riscv/riscv32-unknown-elf-gcc/bin/../lib/gcc/riscv32-unknown-elf/13.2.0/libgcc.a(_clz.o)
 .debug_line    0x000068c2       0xdf /tools/software/riscv/riscv32-unknown-elf-gcc/bin/../lib/gcc/riscv32-unknown-elf/13.2.0/libgcc.a(_clzsi2.o)

.debug_str      0x00000000      0x79c
 .debug_str     0x00000000      0x79c /tools/software/riscv/riscv32-unknown-elf-gcc/bin/../lib/gcc/riscv32-unknown-elf/13.2.0/libgcc.a(_udivdi3.o)
                                0x267 (size before relaxing)
 .debug_str     0x0000079c      0x267 /tools/software/riscv/riscv32-unknown-elf-gcc/bin/../lib/gcc/riscv32-unknown-elf/13.2.0/libgcc.a(_umoddi3.o)
 .debug_str     0x0000079c      0x2a7 /tools/software/riscv/riscv32-unknown-elf-gcc/bin/../lib/gcc/riscv32-unknown-elf/13.2.0/libgcc.a(adddf3.o)
 .debug_str     0x0000079c      0x369 /tools/software/riscv/riscv32-unknown-elf-gcc/bin/../lib/gcc/riscv32-unknown-elf/13.2.0/libgcc.a(divdf3.o)
 .debug_str     0x0000079c      0x1b9 /tools/software/riscv/riscv32-unknown-elf-gcc/bin/../lib/gcc/riscv32-unknown-elf/13.2.0/libgcc.a(eqdf2.o)
 .debug_str     0x0000079c      0x1dd /tools/software/riscv/riscv32-unknown-elf-gcc/bin/../lib/gcc/riscv32-unknown-elf/13.2.0/libgcc.a(gedf2.o)
 .debug_str     0x0000079c      0x1dd /tools/software/riscv/riscv32-unknown-elf-gcc/bin/../lib/gcc/riscv32-unknown-elf/13.2.0/libgcc.a(ledf2.o)
 .debug_str     0x0000079c      0x3c1 /tools/software/riscv/riscv32-unknown-elf-gcc/bin/../lib/gcc/riscv32-unknown-elf/13.2.0/libgcc.a(muldf3.o)
 .debug_str     0x0000079c      0x2a7 /tools/software/riscv/riscv32-unknown-elf-gcc/bin/../lib/gcc/riscv32-unknown-elf/13.2.0/libgcc.a(subdf3.o)
 .debug_str     0x0000079c      0x1b4 /tools/software/riscv/riscv32-unknown-elf-gcc/bin/../lib/gcc/riscv32-unknown-elf/13.2.0/libgcc.a(fixdfsi.o)
 .debug_str     0x0000079c      0x1b0 /tools/software/riscv/riscv32-unknown-elf-gcc/bin/../lib/gcc/riscv32-unknown-elf/13.2.0/libgcc.a(fixunsdfsi.o)
 .debug_str     0x0000079c      0x251 /tools/software/riscv/riscv32-unknown-elf-gcc/bin/../lib/gcc/riscv32-unknown-elf/13.2.0/libgcc.a(floatsidf.o)
 .debug_str     0x0000079c      0x24c /tools/software/riscv/riscv32-unknown-elf-gcc/bin/../lib/gcc/riscv32-unknown-elf/13.2.0/libgcc.a(floatunsidf.o)
 .debug_str     0x0000079c      0x1b4 /tools/software/riscv/riscv32-unknown-elf-gcc/bin/../lib/gcc/riscv32-unknown-elf/13.2.0/libgcc.a(_clz.o)
 .debug_str     0x0000079c      0x1d1 /tools/software/riscv/riscv32-unknown-elf-gcc/bin/../lib/gcc/riscv32-unknown-elf/13.2.0/libgcc.a(_clzsi2.o)

.debug_line_str
                0x00000000      0x298
 .debug_line_str
                0x00000000      0x298 /tools/software/riscv/riscv32-unknown-elf-gcc/bin/../lib/gcc/riscv32-unknown-elf/13.2.0/libgcc.a(_udivdi3.o)
                                0x114 (size before relaxing)
 .debug_line_str
                0x00000298      0x114 /tools/software/riscv/riscv32-unknown-elf-gcc/bin/../lib/gcc/riscv32-unknown-elf/13.2.0/libgcc.a(_umoddi3.o)
 .debug_line_str
                0x00000298      0x120 /tools/software/riscv/riscv32-unknown-elf-gcc/bin/../lib/gcc/riscv32-unknown-elf/13.2.0/libgcc.a(adddf3.o)
 .debug_line_str
                0x00000298      0x12a /tools/software/riscv/riscv32-unknown-elf-gcc/bin/../lib/gcc/riscv32-unknown-elf/13.2.0/libgcc.a(divdf3.o)
 .debug_line_str
                0x00000298      0x12d /tools/software/riscv/riscv32-unknown-elf-gcc/bin/../lib/gcc/riscv32-unknown-elf/13.2.0/libgcc.a(eqdf2.o)
 .debug_line_str
                0x00000298      0x12d /tools/software/riscv/riscv32-unknown-elf-gcc/bin/../lib/gcc/riscv32-unknown-elf/13.2.0/libgcc.a(gedf2.o)
 .debug_line_str
                0x00000298      0x12d /tools/software/riscv/riscv32-unknown-elf-gcc/bin/../lib/gcc/riscv32-unknown-elf/13.2.0/libgcc.a(ledf2.o)
 .debug_line_str
                0x00000298      0x12a /tools/software/riscv/riscv32-unknown-elf-gcc/bin/../lib/gcc/riscv32-unknown-elf/13.2.0/libgcc.a(muldf3.o)
 .debug_line_str
                0x00000298      0x120 /tools/software/riscv/riscv32-unknown-elf-gcc/bin/../lib/gcc/riscv32-unknown-elf/13.2.0/libgcc.a(subdf3.o)
 .debug_line_str
                0x00000298      0x12d /tools/software/riscv/riscv32-unknown-elf-gcc/bin/../lib/gcc/riscv32-unknown-elf/13.2.0/libgcc.a(fixdfsi.o)
 .debug_line_str
                0x00000298      0x136 /tools/software/riscv/riscv32-unknown-elf-gcc/bin/../lib/gcc/riscv32-unknown-elf/13.2.0/libgcc.a(fixunsdfsi.o)
 .debug_line_str
                0x00000298      0x133 /tools/software/riscv/riscv32-unknown-elf-gcc/bin/../lib/gcc/riscv32-unknown-elf/13.2.0/libgcc.a(floatsidf.o)
 .debug_line_str
                0x00000298      0x139 /tools/software/riscv/riscv32-unknown-elf-gcc/bin/../lib/gcc/riscv32-unknown-elf/13.2.0/libgcc.a(floatunsidf.o)
 .debug_line_str
                0x00000298      0x114 /tools/software/riscv/riscv32-unknown-elf-gcc/bin/../lib/gcc/riscv32-unknown-elf/13.2.0/libgcc.a(_clz.o)
 .debug_line_str
                0x00000298      0x114 /tools/software/riscv/riscv32-unknown-elf-gcc/bin/../lib/gcc/riscv32-unknown-elf/13.2.0/libgcc.a(_clzsi2.o)

.debug_frame    0x00000000      0x25c
 .debug_frame   0x00000000       0x44 /tools/software/riscv/riscv32-unknown-elf-gcc/bin/../lib/gcc/riscv32-unknown-elf/13.2.0/libgcc.a(adddf3.o)
 .debug_frame   0x00000044       0x54 /tools/software/riscv/riscv32-unknown-elf-gcc/bin/../lib/gcc/riscv32-unknown-elf/13.2.0/libgcc.a(divdf3.o)
 .debug_frame   0x00000098       0x20 /tools/software/riscv/riscv32-unknown-elf-gcc/bin/../lib/gcc/riscv32-unknown-elf/13.2.0/libgcc.a(eqdf2.o)
 .debug_frame   0x000000b8       0x20 /tools/software/riscv/riscv32-unknown-elf-gcc/bin/../lib/gcc/riscv32-unknown-elf/13.2.0/libgcc.a(gedf2.o)
 .debug_frame   0x000000d8       0x20 /tools/software/riscv/riscv32-unknown-elf-gcc/bin/../lib/gcc/riscv32-unknown-elf/13.2.0/libgcc.a(ledf2.o)
 .debug_frame   0x000000f8       0x54 /tools/software/riscv/riscv32-unknown-elf-gcc/bin/../lib/gcc/riscv32-unknown-elf/13.2.0/libgcc.a(muldf3.o)
 .debug_frame   0x0000014c       0x44 /tools/software/riscv/riscv32-unknown-elf-gcc/bin/../lib/gcc/riscv32-unknown-elf/13.2.0/libgcc.a(subdf3.o)
 .debug_frame   0x00000190       0x20 /tools/software/riscv/riscv32-unknown-elf-gcc/bin/../lib/gcc/riscv32-unknown-elf/13.2.0/libgcc.a(fixdfsi.o)
 .debug_frame   0x000001b0       0x20 /tools/software/riscv/riscv32-unknown-elf-gcc/bin/../lib/gcc/riscv32-unknown-elf/13.2.0/libgcc.a(fixunsdfsi.o)
 .debug_frame   0x000001d0       0x38 /tools/software/riscv/riscv32-unknown-elf-gcc/bin/../lib/gcc/riscv32-unknown-elf/13.2.0/libgcc.a(floatsidf.o)
 .debug_frame   0x00000208       0x34 /tools/software/riscv/riscv32-unknown-elf-gcc/bin/../lib/gcc/riscv32-unknown-elf/13.2.0/libgcc.a(floatunsidf.o)
 .debug_frame   0x0000023c       0x20 /tools/software/riscv/riscv32-unknown-elf-gcc/bin/../lib/gcc/riscv32-unknown-elf/13.2.0/libgcc.a(_clzsi2.o)
