Archive member included to satisfy reference by file (symbol)

/tools/software/riscv/riscv32-unknown-elf-gcc/bin/../lib/gcc/riscv32-unknown-elf/13.2.0/libgcc.a(_udivdi3.o)
                              CMakeFiles/coremark.elf.dir/lib/print/printf.c.obj (__udivdi3)
/tools/software/riscv/riscv32-unknown-elf-gcc/bin/../lib/gcc/riscv32-unknown-elf/13.2.0/libgcc.a(_umoddi3.o)
                              CMakeFiles/coremark.elf.dir/lib/print/printf.c.obj (__umoddi3)
/tools/software/riscv/riscv32-unknown-elf-gcc/bin/../lib/gcc/riscv32-unknown-elf/13.2.0/libgcc.a(adddf3.o)
                              CMakeFiles/coremark.elf.dir/lib/print/printf.c.obj (__adddf3)
/tools/software/riscv/riscv32-unknown-elf-gcc/bin/../lib/gcc/riscv32-unknown-elf/13.2.0/libgcc.a(divdf3.o)
                              CMakeFiles/coremark.elf.dir/lib/print/printf.c.obj (__divdf3)
/tools/software/riscv/riscv32-unknown-elf-gcc/bin/../lib/gcc/riscv32-unknown-elf/13.2.0/libgcc.a(eqdf2.o)
                              CMakeFiles/coremark.elf.dir/lib/print/printf.c.obj (__nedf2)
/tools/software/riscv/riscv32-unknown-elf-gcc/bin/../lib/gcc/riscv32-unknown-elf/13.2.0/libgcc.a(gedf2.o)
                              CMakeFiles/coremark.elf.dir/lib/print/printf.c.obj (__gedf2)
/tools/software/riscv/riscv32-unknown-elf-gcc/bin/../lib/gcc/riscv32-unknown-elf/13.2.0/libgcc.a(ledf2.o)
                              CMakeFiles/coremark.elf.dir/lib/print/printf.c.obj (__ltdf2)
/tools/software/riscv/riscv32-unknown-elf-gcc/bin/../lib/gcc/riscv32-unknown-elf/13.2.0/libgcc.a(muldf3.o)
                              CMakeFiles/coremark.elf.dir/lib/print/printf.c.obj (__muldf3)
/tools/software/riscv/riscv32-unknown-elf-gcc/bin/../lib/gcc/riscv32-unknown-elf/13.2.0/libgcc.a(subdf3.o)
                              CMakeFiles/coremark.elf.dir/lib/print/printf.c.obj (__subdf3)
/tools/software/riscv/riscv32-unknown-elf-gcc/bin/../lib/gcc/riscv32-unknown-elf/13.2.0/libgcc.a(fixdfsi.o)
                              CMakeFiles/coremark.elf.dir/lib/print/printf.c.obj (__fixdfsi)
/tools/software/riscv/riscv32-unknown-elf-gcc/bin/../lib/gcc/riscv32-unknown-elf/13.2.0/libgcc.a(fixunsdfsi.o)
                              CMakeFiles/coremark.elf.dir/lib/print/printf.c.obj (__fixunsdfsi)
/tools/software/riscv/riscv32-unknown-elf-gcc/bin/../lib/gcc/riscv32-unknown-elf/13.2.0/libgcc.a(floatsidf.o)
                              CMakeFiles/coremark.elf.dir/lib/print/printf.c.obj (__floatsidf)
/tools/software/riscv/riscv32-unknown-elf-gcc/bin/../lib/gcc/riscv32-unknown-elf/13.2.0/libgcc.a(floatunsidf.o)
                              CMakeFiles/coremark.elf.dir/lib/print/printf.c.obj (__floatunsidf)
/tools/software/riscv/riscv32-unknown-elf-gcc/bin/../lib/gcc/riscv32-unknown-elf/13.2.0/libgcc.a(floatundidf.o)
                              CMakeFiles/coremark.elf.dir/benchmarks/coremark/barebones/core_portme.c.obj (__floatundidf)
/tools/software/riscv/riscv32-unknown-elf-gcc/bin/../lib/gcc/riscv32-unknown-elf/13.2.0/libgcc.a(_lshrdi3.o)
                              /tools/software/riscv/riscv32-unknown-elf-gcc/bin/../lib/gcc/riscv32-unknown-elf/13.2.0/libgcc.a(floatundidf.o) (__lshrdi3)
/tools/software/riscv/riscv32-unknown-elf-gcc/bin/../lib/gcc/riscv32-unknown-elf/13.2.0/libgcc.a(_ashldi3.o)
                              /tools/software/riscv/riscv32-unknown-elf-gcc/bin/../lib/gcc/riscv32-unknown-elf/13.2.0/libgcc.a(floatundidf.o) (__ashldi3)
/tools/software/riscv/riscv32-unknown-elf-gcc/bin/../lib/gcc/riscv32-unknown-elf/13.2.0/libgcc.a(_clz.o)
                              /tools/software/riscv/riscv32-unknown-elf-gcc/bin/../lib/gcc/riscv32-unknown-elf/13.2.0/libgcc.a(_udivdi3.o) (__clz_tab)
/tools/software/riscv/riscv32-unknown-elf-gcc/bin/../lib/gcc/riscv32-unknown-elf/13.2.0/libgcc.a(_clzsi2.o)
                              /tools/software/riscv/riscv32-unknown-elf-gcc/bin/../lib/gcc/riscv32-unknown-elf/13.2.0/libgcc.a(adddf3.o) (__clzsi2)
/tools/software/riscv/riscv32-unknown-elf-gcc/bin/../lib/gcc/riscv32-unknown-elf/13.2.0/../../../../riscv32-unknown-elf/lib/libc.a(libc_a-exit.o)
                              /tools/software/riscv/riscv32-unknown-elf-gcc/bin/../lib/gcc/riscv32-unknown-elf/13.2.0/../../../../riscv32-unknown-elf/lib/crt0.o (exit)
/tools/software/riscv/riscv32-unknown-elf-gcc/bin/../lib/gcc/riscv32-unknown-elf/13.2.0/../../../../riscv32-unknown-elf/lib/libc.a(libc_a-findfp.o)
                              /tools/software/riscv/riscv32-unknown-elf-gcc/bin/../lib/gcc/riscv32-unknown-elf/13.2.0/../../../../riscv32-unknown-elf/lib/libc.a(libc_a-exit.o) (__stdio_exit_handler)
/tools/software/riscv/riscv32-unknown-elf-gcc/bin/../lib/gcc/riscv32-unknown-elf/13.2.0/../../../../riscv32-unknown-elf/lib/libc.a(libc_a-fwalk.o)
                              /tools/software/riscv/riscv32-unknown-elf-gcc/bin/../lib/gcc/riscv32-unknown-elf/13.2.0/../../../../riscv32-unknown-elf/lib/libc.a(libc_a-findfp.o) (_fwalk_sglue)
[...]
Memory Configuration

Name             Origin             Length             Attributes
ITCM             0x80000000         0x20000000         x
DTCM             0xa0000000         0x20000000         rw
*default*        0x00000000         0xffffffff

Linker script and memory map

LOAD /tools/software/riscv/riscv32-unknown-elf-gcc/bin/../lib/gcc/riscv32-unknown-elf/13.2.0/../../../../riscv32-unknown-elf/lib/crt0.o
LOAD /tools/software/riscv/riscv32-unknown-elf-gcc/bin/../lib/gcc/riscv32-unknown-elf/13.2.0/crtbegin.o
LOAD CMakeFiles/coremark.elf.dir/hal/toy/startup.S.obj
LOAD CMakeFiles/coremark.elf.dir/hal/toy/to_host.c.obj
LOAD CMakeFiles/coremark.elf.dir/hal/toy/init.c.obj
LOAD CMakeFiles/coremark.elf.dir/hal/toy/global.c.obj
LOAD CMakeFiles/coremark.elf.dir/hal/toy/pmp_init.c.obj
LOAD CMakeFiles/coremark.elf.dir/hal/toy/trap_handle_func/ecall.c.obj
LOAD CMakeFiles/coremark.elf.dir/hal/toy/trap_handle_func/illegal_inst.c.obj
LOAD CMakeFiles/coremark.elf.dir/hal/toy/trap_handle_func/ebreak.c.obj
LOAD CMakeFiles/coremark.elf.dir/hal/toy/trap_handle_func/ext_inter_proc.c.obj
LOAD CMakeFiles/coremark.elf.dir/hal/toy/trap_handle_func/fetch_access.c.obj
LOAD CMakeFiles/coremark.elf.dir/hal/toy/trap_handle_func/store_access.c.obj
LOAD CMakeFiles/coremark.elf.dir/hal/toy/trap_handle_func/load_access.c.obj
LOAD CMakeFiles/coremark.elf.dir/hal/toy/trap_handler.c.obj
LOAD CMakeFiles/coremark.elf.dir/hal/riscv/cycle.c.obj
LOAD CMakeFiles/coremark.elf.dir/hal/riscv/strcmp.S.obj
LOAD CMakeFiles/coremark.elf.dir/driver/uart.c.obj
LOAD CMakeFiles/coremark.elf.dir/lib/print/printf.c.obj
LOAD CMakeFiles/coremark.elf.dir/benchmarks/coremark/core_list_join.c.obj
LOAD CMakeFiles/coremark.elf.dir/benchmarks/coremark/core_main.c.obj
LOAD CMakeFiles/coremark.elf.dir/benchmarks/coremark/core_matrix.c.obj
LOAD CMakeFiles/coremark.elf.dir/benchmarks/coremark/core_state.c.obj
LOAD CMakeFiles/coremark.elf.dir/benchmarks/coremark/core_util.c.obj
LOAD CMakeFiles/coremark.elf.dir/benchmarks/coremark/barebones/core_portme.c.obj
LOAD /tools/software/riscv/riscv32-unknown-elf-gcc/bin/../lib/gcc/riscv32-unknown-elf/13.2.0/libgcc.a
START GROUP
LOAD /tools/software/riscv/riscv32-unknown-elf-gcc/bin/../lib/gcc/riscv32-unknown-elf/13.2.0/../../../../riscv32-unknown-elf/lib/libc.a
LOAD /tools/software/riscv/riscv32-unknown-elf-gcc/bin/../lib/gcc/riscv32-unknown-elf/13.2.0/../../../../riscv32-unknown-elf/lib/libgloss.a
END GROUP
LOAD /tools/software/riscv/riscv32-unknown-elf-gcc/bin/../lib/gcc/riscv32-unknown-elf/13.2.0/libgcc.a
LOAD /tools/software/riscv/riscv32-unknown-elf-gcc/bin/../lib/gcc/riscv32-unknown-elf/13.2.0/crtend.o
                0x00004000                        PROVIDE (__stack_size = 0x4000)
                0x80000000                        . = 0x80000000
                0x80000000                        . = ALIGN (0x4)

.text           0x80000000     0x7f9c
 *(.text)
 .text          0x80000000      0x208 CMakeFiles/coremark.elf.dir/hal/toy/startup.S.obj
                0x80000000                __start
                0x800000ec                _trap_handler
                0x80000188                _trap_exit
 .text          0x80000208      0x430 /tools/software/riscv/riscv32-unknown-elf-gcc/bin/../lib/gcc/riscv32-unknown-elf/13.2.0/libgcc.a(_udivdi3.o)
                0x80000208                __udivdi3
 .text          0x80000638      0x3e4 /tools/software/riscv/riscv32-unknown-elf-gcc/bin/../lib/gcc/riscv32-unknown-elf/13.2.0/libgcc.a(_umoddi3.o)
                0x80000638                __umoddi3
 .text          0x80000a1c      0x794 /tools/software/riscv/riscv32-unknown-elf-gcc/bin/../lib/gcc/riscv32-unknown-elf/13.2.0/libgcc.a(adddf3.o)
                0x80000a1c                __adddf3
 .text          0x800011b0      0x6dc /tools/software/riscv/riscv32-unknown-elf-gcc/bin/../lib/gcc/riscv32-unknown-elf/13.2.0/libgcc.a(divdf3.o)
                0x800011b0                __divdf3
 .text          0x8000188c       0x8c /tools/software/riscv/riscv32-unknown-elf-gcc/bin/../lib/gcc/riscv32-unknown-elf/13.2.0/libgcc.a(eqdf2.o)
                0x8000188c                __eqdf2
                0x8000188c                __nedf2
 .text          0x80001918       0xdc /tools/software/riscv/riscv32-unknown-elf-gcc/bin/../lib/gcc/riscv32-unknown-elf/13.2.0/libgcc.a(gedf2.o)
                0x80001918                __gtdf2
                0x80001918                __gedf2
 .text          0x800019f4       0xdc /tools/software/riscv/riscv32-unknown-elf-gcc/bin/../lib/gcc/riscv32-unknown-elf/13.2.0/libgcc.a(ledf2.o)
                0x800019f4                __ltdf2
                0x800019f4                __ledf2
 .text          0x80001ad0      0x5f0 /tools/software/riscv/riscv32-unknown-elf-gcc/bin/../lib/gcc/riscv32-unknown-elf/13.2.0/libgcc.a(muldf3.o)
                0x80001ad0                __muldf3
 .text          0x800020c0      0x7a8 /tools/software/riscv/riscv32-unknown-elf-gcc/bin/../lib/gcc/riscv32-unknown-elf/13.2.0/libgcc.a(subdf3.o)
                0x800020c0                __subdf3
 .text          0x80002868       0x80 /tools/software/riscv/riscv32-unknown-elf-gcc/bin/../lib/gcc/riscv32-unknown-elf/13.2.0/libgcc.a(fixdfsi.o)
                0x80002868                __fixdfsi
 .text          0x800028e8       0x7c /tools/software/riscv/riscv32-unknown-elf-gcc/bin/../lib/gcc/riscv32-unknown-elf/13.2.0/libgcc.a(fixunsdfsi.o)
                0x800028e8                __fixunsdfsi
 .text          0x80002964       0xa8 /tools/software/riscv/riscv32-unknown-elf-gcc/bin/../lib/gcc/riscv32-unknown-elf/13.2.0/libgcc.a(floatsidf.o)
                0x80002964                __floatsidf
 .text          0x80002a0c       0x80 /tools/software/riscv/riscv32-unknown-elf-gcc/bin/../lib/gcc/riscv32-unknown-elf/13.2.0/libgcc.a(floatunsidf.o)
                0x80002a0c                __floatunsidf
 .text          0x80002a8c      0x1b0 /tools/software/riscv/riscv32-unknown-elf-gcc/bin/../lib/gcc/riscv32-unknown-elf/13.2.0/libgcc.a(floatundidf.o)
                0x80002a8c                __floatundidf
 .text          0x80002c3c       0x38 /tools/software/riscv/riscv32-unknown-elf-gcc/bin/../lib/gcc/riscv32-unknown-elf/13.2.0/libgcc.a(_lshrdi3.o)
                0x80002c3c                __lshrdi3
 .text          0x80002c74       0x38 /tools/software/riscv/riscv32-unknown-elf-gcc/bin/../lib/gcc/riscv32-unknown-elf/13.2.0/libgcc.a(_ashldi3.o)
                0x80002c74                __ashldi3
 .text          0x80002cac       0x4c /tools/software/riscv/riscv32-unknown-elf-gcc/bin/../lib/gcc/riscv32-unknown-elf/13.2.0/libgcc.a(_clzsi2.o)
                0x80002cac                __clzsi2
 .text          0x80002cf8       0xdc /tools/software/riscv/riscv32-unknown-elf-gcc/bin/../lib/gcc/riscv32-unknown-elf/13.2.0/../../../../riscv32-unknown-elf/lib/libc.a(libc_a-memset.o)
                0x80002cf8                memset
 *(.text.*)
 .text.to_host  0x80002dd4       0x10 CMakeFiles/coremark.elf.dir/hal/toy/to_host.c.obj
                0x80002dd4                to_host
 .text._putchar
                0x80002de4       0x10 CMakeFiles/coremark.elf.dir/hal/toy/init.c.obj
                0x80002de4                _putchar
 .text.init     0x80002df4       0x3c CMakeFiles/coremark.elf.dir/hal/toy/init.c.obj
                0x80002df4                init
 .text.pmp_init
                0x80002e30       0x30 CMakeFiles/coremark.elf.dir/hal/toy/pmp_init.c.obj
                0x80002e30                pmp_init
 .text.sbi_ecall_handler
                0x80002e60       0x44 CMakeFiles/coremark.elf.dir/hal/toy/trap_handle_func/ecall.c.obj
                0x80002e60                sbi_ecall_handler
 .text.sbi_illegal_insn_handler
                0x80002ea4       0x48 CMakeFiles/coremark.elf.dir/hal/toy/trap_handle_func/illegal_inst.c.obj
                0x80002ea4                sbi_illegal_insn_handler
 .text.sbi_ebreak_handler
                0x80002eec       0x50 CMakeFiles/coremark.elf.dir/hal/toy/trap_handle_func/ebreak.c.obj
                0x80002eec                sbi_ebreak_handler
 .text.sbi_irqchip_process
                0x80002f3c       0x80 CMakeFiles/coremark.elf.dir/hal/toy/trap_handle_func/ext_inter_proc.c.obj
                0x80002f3c                sbi_irqchip_process
 .text.sbi_fetch_access_handler
                0x80002fbc       0x48 CMakeFiles/coremark.elf.dir/hal/toy/trap_handle_func/fetch_access.c.obj
                0x80002fbc                sbi_fetch_access_handler
 .text.sbi_store_access_handler
                0x80003004       0x54 CMakeFiles/coremark.elf.dir/hal/toy/trap_handle_func/store_access.c.obj
                0x80003004                sbi_store_access_handler
 .text.sbi_load_access_handler
                0x80003058       0x48 CMakeFiles/coremark.elf.dir/hal/toy/trap_handle_func/load_access.c.obj
                0x80003058                sbi_load_access_handler
 .text.toy_trap_handler
                0x800030a0      0x1d0 CMakeFiles/coremark.elf.dir/hal/toy/trap_handler.c.obj
                0x800030a0                toy_trap_handler
 .text.get_cycle
                0x80003270        0xc CMakeFiles/coremark.elf.dir/hal/riscv/cycle.c.obj
                0x80003270                get_cycle
 .text.uart_init
                0x8000327c        0x8 CMakeFiles/coremark.elf.dir/driver/uart.c.obj
                0x8000327c                uart_init
 .text.uart_put_char
                0x80003284        0xc CMakeFiles/coremark.elf.dir/driver/uart.c.obj
                0x80003284                uart_put_char
 .text._out_null
                0x80003290        0x4 CMakeFiles/coremark.elf.dir/lib/print/printf.c.obj
 .text._out_rev
                0x80003294      0x138 CMakeFiles/coremark.elf.dir/lib/print/printf.c.obj
 .text._ntoa_format
                0x800033cc      0x354 CMakeFiles/coremark.elf.dir/lib/print/printf.c.obj
 .text._out_char
                0x80003720        0xc CMakeFiles/coremark.elf.dir/lib/print/printf.c.obj
 .text._etoa    0x8000372c      0x644 CMakeFiles/coremark.elf.dir/lib/print/printf.c.obj
 .text._ftoa    0x80003d70      0x604 CMakeFiles/coremark.elf.dir/lib/print/printf.c.obj
 .text._vsnprintf
                0x80004374      0xe04 CMakeFiles/coremark.elf.dir/lib/print/printf.c.obj
 .text.printf_  0x80005178       0x54 CMakeFiles/coremark.elf.dir/lib/print/printf.c.obj
                0x80005178                printf_
 .text.cmp_complex
                0x800051cc      0x1f4 CMakeFiles/coremark.elf.dir/benchmarks/coremark/core_list_join.c.obj
                0x800051cc                cmp_complex
 .text.core_bench_list
                0x800053c0      0x49c CMakeFiles/coremark.elf.dir/benchmarks/coremark/core_list_join.c.obj
                0x800053c0                core_bench_list
 .text.core_list_init
                0x8000585c      0x2c4 CMakeFiles/coremark.elf.dir/benchmarks/coremark/core_list_join.c.obj
                0x8000585c                core_list_init
 .text.iterate  0x80005b20       0x98 CMakeFiles/coremark.elf.dir/benchmarks/coremark/core_main.c.obj
                0x80005b20                iterate
 .text.startup.main
                0x80005bb8      0xbd0 CMakeFiles/coremark.elf.dir/benchmarks/coremark/core_main.c.obj
                0x80005bb8                main
 .text.matrix_test
                0x80006788      0x4f0 CMakeFiles/coremark.elf.dir/benchmarks/coremark/core_matrix.c.obj
                0x80006788                matrix_test
 .text.core_bench_matrix
                0x80006c78       0x3c CMakeFiles/coremark.elf.dir/benchmarks/coremark/core_matrix.c.obj
                0x80006c78                core_bench_matrix
 .text.core_init_matrix
                0x80006cb4      0x154 CMakeFiles/coremark.elf.dir/benchmarks/coremark/core_matrix.c.obj
                0x80006cb4                core_init_matrix
 .text.core_init_state
                0x80006e08      0x224 CMakeFiles/coremark.elf.dir/benchmarks/coremark/core_state.c.obj
                0x80006e08                core_init_state
 .text.core_state_transition
                0x8000702c      0x2ec CMakeFiles/coremark.elf.dir/benchmarks/coremark/core_state.c.obj
                0x8000702c                core_state_transition
 .text.core_bench_state
                0x80007318      0x228 CMakeFiles/coremark.elf.dir/benchmarks/coremark/core_state.c.obj
                0x80007318                core_bench_state
 .text.get_seed_32
                0x80007540       0x64 CMakeFiles/coremark.elf.dir/benchmarks/coremark/core_util.c.obj
                0x80007540                get_seed_32
 .text.crcu16   0x800075a4      0x24c CMakeFiles/coremark.elf.dir/benchmarks/coremark/core_util.c.obj
                0x800075a4                crcu16
 .text.crcu32   0x800077f0      0x498 CMakeFiles/coremark.elf.dir/benchmarks/coremark/core_util.c.obj
                0x800077f0                crcu32
 .text.crc16    0x80007c88      0x254 CMakeFiles/coremark.elf.dir/benchmarks/coremark/core_util.c.obj
                0x80007c88                crc16
 .text.check_data_types
                0x80007edc        0x8 CMakeFiles/coremark.elf.dir/benchmarks/coremark/core_util.c.obj
                0x80007edc                check_data_types
 .text.start_time
                0x80007ee4       0x28 CMakeFiles/coremark.elf.dir/benchmarks/coremark/barebones/core_portme.c.obj
                0x80007ee4                start_time
 .text.stop_time
                0x80007f0c       0x28 CMakeFiles/coremark.elf.dir/benchmarks/coremark/barebones/core_portme.c.obj
                0x80007f0c                stop_time
 .text.get_time
                0x80007f34       0x2c CMakeFiles/coremark.elf.dir/benchmarks/coremark/barebones/core_portme.c.obj
                0x80007f34                get_time
 .text.time_in_secs
                0x80007f60       0x28 CMakeFiles/coremark.elf.dir/benchmarks/coremark/barebones/core_portme.c.obj
                0x80007f60                time_in_secs
 .text.portable_init
                0x80007f88        0xc CMakeFiles/coremark.elf.dir/benchmarks/coremark/barebones/core_portme.c.obj
                0x80007f88                portable_init
 .text.portable_fini
                0x80007f94        0x8 CMakeFiles/coremark.elf.dir/benchmarks/coremark/barebones/core_portme.c.obj
                0x80007f94                portable_fini
 *(.gnu.linkonce.t.*)
                0xa0000000                        . = 0xa0000000

.rodata         0xa0000000      0xe88
 *(.rdata)
 *(.rodata)
 .rodata        0xa0000000       0x3c /tools/software/riscv/riscv32-unknown-elf-gcc/bin/../lib/gcc/riscv32-unknown-elf/13.2.0/libgcc.a(divdf3.o)
 .rodata        0xa000003c      0x100 /tools/software/riscv/riscv32-unknown-elf-gcc/bin/../lib/gcc/riscv32-unknown-elf/13.2.0/libgcc.a(_clz.o)
                0xa000003c                __clz_tab
 *(.rodata.*)
 .rodata.init.str1.4
                0xa000013c      0xa3d CMakeFiles/coremark.elf.dir/hal/toy/init.c.obj
                                 0x33 (size before relaxing)
 .rodata.sbi_ecall_handler.str1.4
                0xa0000b79       0x33 CMakeFiles/coremark.elf.dir/hal/toy/trap_handle_func/ecall.c.obj
 .rodata.sbi_illegal_insn_handler.str1.4
                0xa0000b79       0x77 CMakeFiles/coremark.elf.dir/hal/toy/trap_handle_func/illegal_inst.c.obj
 .rodata.sbi_ebreak_handler.str1.4
                0xa0000b79       0x74 CMakeFiles/coremark.elf.dir/hal/toy/trap_handle_func/ebreak.c.obj
 .rodata.sbi_irqchip_process.str1.4
                0xa0000b79       0xf2 CMakeFiles/coremark.elf.dir/hal/toy/trap_handle_func/ext_inter_proc.c.obj
 .rodata.sbi_fetch_access_handler.str1.4
                0xa0000b79       0x89 CMakeFiles/coremark.elf.dir/hal/toy/trap_handle_func/fetch_access.c.obj
 .rodata.sbi_store_access_handler.str1.4
                0xa0000b79       0x83 CMakeFiles/coremark.elf.dir/hal/toy/trap_handle_func/store_access.c.obj
 .rodata.sbi_load_access_handler.str1.4
                0xa0000b79       0x82 CMakeFiles/coremark.elf.dir/hal/toy/trap_handle_func/load_access.c.obj
 .rodata.toy_trap_handler.str1.4
                0xa0000b79      0x273 CMakeFiles/coremark.elf.dir/hal/toy/trap_handler.c.obj
 *fill*         0xa0000b79        0x3 
 .rodata.toy_trap_handler
                0xa0000b7c       0x30 CMakeFiles/coremark.elf.dir/hal/toy/trap_handler.c.obj
 .rodata._ftoa.str1.4
                0xa0000bac       0x15 CMakeFiles/coremark.elf.dir/lib/print/printf.c.obj
 .rodata._vsnprintf
                0xa0000bac      0x19c CMakeFiles/coremark.elf.dir/lib/print/printf.c.obj
 .rodata.pow10.0
                0xa0000d48       0x50 CMakeFiles/coremark.elf.dir/lib/print/printf.c.obj
 .rodata.main.str1.4
                0xa0000d98      0x3cd CMakeFiles/coremark.elf.dir/benchmarks/coremark/core_main.c.obj
 .rodata.str1.4
                0xa0000d98       0xad CMakeFiles/coremark.elf.dir/benchmarks/coremark/core_state.c.obj
 .rodata.errpat
                0xa0000d98       0x10 CMakeFiles/coremark.elf.dir/benchmarks/coremark/core_state.c.obj
 .rodata.scipat
                0xa0000da8       0x10 CMakeFiles/coremark.elf.dir/benchmarks/coremark/core_state.c.obj
 .rodata.floatpat
                0xa0000db8       0x10 CMakeFiles/coremark.elf.dir/benchmarks/coremark/core_state.c.obj
 .rodata.intpat
                0xa0000dc8       0x10 CMakeFiles/coremark.elf.dir/benchmarks/coremark/core_state.c.obj
 .rodata.get_seed_32
                0xa0000dd8       0x18 CMakeFiles/coremark.elf.dir/benchmarks/coremark/core_util.c.obj
 *(.srodata)
 *(.srodata.*)
 .srodata.cst8  0xa0000df0       0x98 CMakeFiles/coremark.elf.dir/lib/print/printf.c.obj
 .srodata.cst8  0xa0000e88        0x8 CMakeFiles/coremark.elf.dir/benchmarks/coremark/core_main.c.obj
 .srodata.cst8  0xa0000e88        0x8 CMakeFiles/coremark.elf.dir/benchmarks/coremark/barebones/core_portme.c.obj
 *(.srodata.cst4*)
 *(.srodata.cst8*)
 *(.gnu.linkonce.r.*)

.rela.dyn       0xa0000e88        0x0
 .rela.text     0xa0000e88        0x0 CMakeFiles/coremark.elf.dir/hal/toy/startup.S.obj
                0xa0000e88                        . = ALIGN (0x4)
                [!provide]                        PROVIDE (__rw_start__ = .)

.data
 *(.data)
 *(.data.*)
 *(.gnu.linkonce.d.*)

.sdata          0xa0000e88       0x10
 *(.sdata)
 *(.sdata.*)
 .sdata.global_cnt
                0xa0000e88        0x4 CMakeFiles/coremark.elf.dir/hal/toy/global.c.obj
                0xa0000e88                global_cnt
 .sdata.default_num_contexts
                0xa0000e8c        0x4 CMakeFiles/coremark.elf.dir/benchmarks/coremark/barebones/core_portme.c.obj
                0xa0000e8c                default_num_contexts
 .sdata.seed4_volatile
                0xa0000e90        0x4 CMakeFiles/coremark.elf.dir/benchmarks/coremark/barebones/core_portme.c.obj
                0xa0000e90                seed4_volatile
 .sdata.seed3_volatile
                0xa0000e94        0x4 CMakeFiles/coremark.elf.dir/benchmarks/coremark/barebones/core_portme.c.obj
                0xa0000e94                seed3_volatile
 *(.srodata.*)
 *(.gnu.linkonce.s.*)
                [!provide]                        PROVIDE (__rw_end__ = .)
                0xa0000e98                        . = ALIGN (0x4)
                0xa0000e98                        PROVIDE (__sbss_start = .)

.sbss           0xa0000e98       0x24
 *(.sbss)
 *(.sbss.*)
 .sbss.uart     0xa0000e98        0x4 CMakeFiles/coremark.elf.dir/hal/toy/init.c.obj
                0xa0000e98                uart
 *fill*         0xa0000e9c        0x4 
 .sbss.stop_time_val
                0xa0000ea0        0x8 CMakeFiles/coremark.elf.dir/benchmarks/coremark/barebones/core_portme.c.obj
 .sbss.start_time_val
                0xa0000ea8        0x8 CMakeFiles/coremark.elf.dir/benchmarks/coremark/barebones/core_portme.c.obj
 .sbss.seed5_volatile
                0xa0000eb0        0x4 CMakeFiles/coremark.elf.dir/benchmarks/coremark/barebones/core_portme.c.obj
                0xa0000eb0                seed5_volatile
 .sbss.seed2_volatile
                0xa0000eb4        0x4 CMakeFiles/coremark.elf.dir/benchmarks/coremark/barebones/core_portme.c.obj
                0xa0000eb4                seed2_volatile
 .sbss.seed1_volatile
                0xa0000eb8        0x4 CMakeFiles/coremark.elf.dir/benchmarks/coremark/barebones/core_portme.c.obj
                0xa0000eb8                seed1_volatile
 *(.gnu.linkonce.sb.*)
                0xa0000ebc                        PROVIDE (__sbss_end = .)
                0xa0000ebc                        . = ALIGN (0x4)
                0xa0000ebc                        PROVIDE (__bss_start = .)

.bss
 *(.bss)
 *(.bss.*)
 *(.gnu.linkonce.b.*)
 *(COMMON)
                0xa0000ebc                        PROVIDE (__bss_end = .)

.stack          0xa0000ebc 0x1ffff144
                0xbfffc000                        . = ((ORIGIN (DTCM) + LENGTH (DTCM)) - __stack_size)
 *fill*         0xa0000ebc 0x1fffb144 
                0xc0000000                        . = (ORIGIN (DTCM) + LENGTH (DTCM))
 *fill*         0xbfffc000     0x4000 
                0xc0000000                        PROVIDE (__stack_base = .)
                0xc0000000                        _end = .
OUTPUT(/data/usr/qijiahuan/baremetal_hello_world/benchmarks/build/toy_bm/coremark.elf elf32-littleriscv)

.riscv.attributes
                0x00000000       0x37
 .riscv.attributes
                0x00000000       0x35 CMakeFiles/coremark.elf.dir/hal/toy/startup.S.obj
 .riscv.attributes
                0x00000035       0x33 CMakeFiles/coremark.elf.dir/hal/toy/to_host.c.obj
 .riscv.attributes
                0x00000068       0x33 CMakeFiles/coremark.elf.dir/hal/toy/init.c.obj
 .riscv.attributes
                0x0000009b       0x33 CMakeFiles/coremark.elf.dir/hal/toy/global.c.obj
 .riscv.attributes
                0x000000ce       0x37 CMakeFiles/coremark.elf.dir/hal/toy/pmp_init.c.obj
 .riscv.attributes
                0x00000105       0x37 CMakeFiles/coremark.elf.dir/hal/toy/trap_handle_func/ecall.c.obj
 .riscv.attributes
                0x0000013c       0x37 CMakeFiles/coremark.elf.dir/hal/toy/trap_handle_func/illegal_inst.c.obj
 .riscv.attributes
                0x00000173       0x37 CMakeFiles/coremark.elf.dir/hal/toy/trap_handle_func/ebreak.c.obj
 .riscv.attributes
                0x000001aa       0x37 CMakeFiles/coremark.elf.dir/hal/toy/trap_handle_func/ext_inter_proc.c.obj
 .riscv.attributes
                0x000001e1       0x37 CMakeFiles/coremark.elf.dir/hal/toy/trap_handle_func/fetch_access.c.obj
 .riscv.attributes
                0x00000218       0x37 CMakeFiles/coremark.elf.dir/hal/toy/trap_handle_func/store_access.c.obj
 .riscv.attributes
                0x0000024f       0x37 CMakeFiles/coremark.elf.dir/hal/toy/trap_handle_func/load_access.c.obj
 .riscv.attributes
                0x00000286       0x37 CMakeFiles/coremark.elf.dir/hal/toy/trap_handler.c.obj
 .riscv.attributes
                0x000002bd       0x37 CMakeFiles/coremark.elf.dir/hal/riscv/cycle.c.obj
 .riscv.attributes
                0x000002f4       0x33 CMakeFiles/coremark.elf.dir/driver/uart.c.obj
 .riscv.attributes
                0x00000327       0x33 CMakeFiles/coremark.elf.dir/lib/print/printf.c.obj
 .riscv.attributes
                0x0000035a       0x33 CMakeFiles/coremark.elf.dir/benchmarks/coremark/core_list_join.c.obj
 .riscv.attributes
                0x0000038d       0x33 CMakeFiles/coremark.elf.dir/benchmarks/coremark/core_main.c.obj
 .riscv.attributes
                0x000003c0       0x33 CMakeFiles/coremark.elf.dir/benchmarks/coremark/core_matrix.c.obj
 .riscv.attributes
                0x000003f3       0x33 CMakeFiles/coremark.elf.dir/benchmarks/coremark/core_state.c.obj
 .riscv.attributes
                0x00000426       0x33 CMakeFiles/coremark.elf.dir/benchmarks/coremark/core_util.c.obj
 .riscv.attributes
                0x00000459       0x33 CMakeFiles/coremark.elf.dir/benchmarks/coremark/barebones/core_portme.c.obj
 .riscv.attributes
                0x0000048c       0x2a /tools/software/riscv/riscv32-unknown-elf-gcc/bin/../lib/gcc/riscv32-unknown-elf/13.2.0/libgcc.a(_udivdi3.o)
 .riscv.attributes
                0x000004b6       0x2a /tools/software/riscv/riscv32-unknown-elf-gcc/bin/../lib/gcc/riscv32-unknown-elf/13.2.0/libgcc.a(_umoddi3.o)
 .riscv.attributes
                0x000004e0       0x2a /tools/software/riscv/riscv32-unknown-elf-gcc/bin/../lib/gcc/riscv32-unknown-elf/13.2.0/libgcc.a(adddf3.o)
 .riscv.attributes
                0x0000050a       0x2a /tools/software/riscv/riscv32-unknown-elf-gcc/bin/../lib/gcc/riscv32-unknown-elf/13.2.0/libgcc.a(divdf3.o)
 .riscv.attributes
                0x00000534       0x2a /tools/software/riscv/riscv32-unknown-elf-gcc/bin/../lib/gcc/riscv32-unknown-elf/13.2.0/libgcc.a(eqdf2.o)
 .riscv.attributes
                0x0000055e       0x2a /tools/software/riscv/riscv32-unknown-elf-gcc/bin/../lib/gcc/riscv32-unknown-elf/13.2.0/libgcc.a(gedf2.o)
 .riscv.attributes
                0x00000588       0x2a /tools/software/riscv/riscv32-unknown-elf-gcc/bin/../lib/gcc/riscv32-unknown-elf/13.2.0/libgcc.a(ledf2.o)
 .riscv.attributes
                0x000005b2       0x2a /tools/software/riscv/riscv32-unknown-elf-gcc/bin/../lib/gcc/riscv32-unknown-elf/13.2.0/libgcc.a(muldf3.o)
 .riscv.attributes
                0x000005dc       0x2a /tools/software/riscv/riscv32-unknown-elf-gcc/bin/../lib/gcc/riscv32-unknown-elf/13.2.0/libgcc.a(subdf3.o)
 .riscv.attributes
                0x00000606       0x2a /tools/software/riscv/riscv32-unknown-elf-gcc/bin/../lib/gcc/riscv32-unknown-elf/13.2.0/libgcc.a(fixdfsi.o)
 .riscv.attributes
                0x00000630       0x2a /tools/software/riscv/riscv32-unknown-elf-gcc/bin/../lib/gcc/riscv32-unknown-elf/13.2.0/libgcc.a(fixunsdfsi.o)
 .riscv.attributes
                0x0000065a       0x2a /tools/software/riscv/riscv32-unknown-elf-gcc/bin/../lib/gcc/riscv32-unknown-elf/13.2.0/libgcc.a(floatsidf.o)
 .riscv.attributes
                0x00000684       0x2a /tools/software/riscv/riscv32-unknown-elf-gcc/bin/../lib/gcc/riscv32-unknown-elf/13.2.0/libgcc.a(floatunsidf.o)
 .riscv.attributes
                0x000006ae       0x2a /tools/software/riscv/riscv32-unknown-elf-gcc/bin/../lib/gcc/riscv32-unknown-elf/13.2.0/libgcc.a(floatundidf.o)
 .riscv.attributes
                0x000006d8       0x2a /tools/software/riscv/riscv32-unknown-elf-gcc/bin/../lib/gcc/riscv32-unknown-elf/13.2.0/libgcc.a(_lshrdi3.o)
 .riscv.attributes
                0x00000702       0x2a /tools/software/riscv/riscv32-unknown-elf-gcc/bin/../lib/gcc/riscv32-unknown-elf/13.2.0/libgcc.a(_ashldi3.o)
 .riscv.attributes
                0x0000072c       0x2a /tools/software/riscv/riscv32-unknown-elf-gcc/bin/../lib/gcc/riscv32-unknown-elf/13.2.0/libgcc.a(_clz.o)
 .riscv.attributes
                0x00000756       0x2a /tools/software/riscv/riscv32-unknown-elf-gcc/bin/../lib/gcc/riscv32-unknown-elf/13.2.0/libgcc.a(_clzsi2.o)
 .riscv.attributes
                0x00000780       0x28 /tools/software/riscv/riscv32-unknown-elf-gcc/bin/../lib/gcc/riscv32-unknown-elf/13.2.0/../../../../riscv32-unknown-elf/lib/libc.a(libc_a-memset.o)

.comment        0x00000000       0x1b
 .comment       0x00000000       0x1b CMakeFiles/coremark.elf.dir/hal/toy/to_host.c.obj
                                 0x1c (size before relaxing)
 .comment       0x0000001b       0x1c CMakeFiles/coremark.elf.dir/hal/toy/init.c.obj
 .comment       0x0000001b       0x1c CMakeFiles/coremark.elf.dir/hal/toy/global.c.obj
 .comment       0x0000001b       0x1c CMakeFiles/coremark.elf.dir/hal/toy/pmp_init.c.obj
 .comment       0x0000001b       0x1c CMakeFiles/coremark.elf.dir/hal/toy/trap_handle_func/ecall.c.obj
 .comment       0x0000001b       0x1c CMakeFiles/coremark.elf.dir/hal/toy/trap_handle_func/illegal_inst.c.obj
 .comment       0x0000001b       0x1c CMakeFiles/coremark.elf.dir/hal/toy/trap_handle_func/ebreak.c.obj
 .comment       0x0000001b       0x1c CMakeFiles/coremark.elf.dir/hal/toy/trap_handle_func/ext_inter_proc.c.obj
 .comment       0x0000001b       0x1c CMakeFiles/coremark.elf.dir/hal/toy/trap_handle_func/fetch_access.c.obj
 .comment       0x0000001b       0x1c CMakeFiles/coremark.elf.dir/hal/toy/trap_handle_func/store_access.c.obj
 .comment       0x0000001b       0x1c CMakeFiles/coremark.elf.dir/hal/toy/trap_handle_func/load_access.c.obj
 .comment       0x0000001b       0x1c CMakeFiles/coremark.elf.dir/hal/toy/trap_handler.c.obj
 .comment       0x0000001b       0x1c CMakeFiles/coremark.elf.dir/hal/riscv/cycle.c.obj
 .comment       0x0000001b       0x1c CMakeFiles/coremark.elf.dir/driver/uart.c.obj
 .comment       0x0000001b       0x1c CMakeFiles/coremark.elf.dir/lib/print/printf.c.obj
 .comment       0x0000001b       0x1c CMakeFiles/coremark.elf.dir/benchmarks/coremark/core_list_join.c.obj
 .comment       0x0000001b       0x1c CMakeFiles/coremark.elf.dir/benchmarks/coremark/core_main.c.obj
 .comment       0x0000001b       0x1c CMakeFiles/coremark.elf.dir/benchmarks/coremark/core_matrix.c.obj
 .comment       0x0000001b       0x1c CMakeFiles/coremark.elf.dir/benchmarks/coremark/core_state.c.obj
 .comment       0x0000001b       0x1c CMakeFiles/coremark.elf.dir/benchmarks/coremark/core_util.c.obj
 .comment       0x0000001b       0x1c CMakeFiles/coremark.elf.dir/benchmarks/coremark/barebones/core_portme.c.obj
 .comment       0x0000001b       0x1c /tools/software/riscv/riscv32-unknown-elf-gcc/bin/../lib/gcc/riscv32-unknown-elf/13.2.0/libgcc.a(_udivdi3.o)
 .comment       0x0000001b       0x1c /tools/software/riscv/riscv32-unknown-elf-gcc/bin/../lib/gcc/riscv32-unknown-elf/13.2.0/libgcc.a(_umoddi3.o)
 .comment       0x0000001b       0x1c /tools/software/riscv/riscv32-unknown-elf-gcc/bin/../lib/gcc/riscv32-unknown-elf/13.2.0/libgcc.a(adddf3.o)
 .comment       0x0000001b       0x1c /tools/software/riscv/riscv32-unknown-elf-gcc/bin/../lib/gcc/riscv32-unknown-elf/13.2.0/libgcc.a(divdf3.o)
 .comment       0x0000001b       0x1c /tools/software/riscv/riscv32-unknown-elf-gcc/bin/../lib/gcc/riscv32-unknown-elf/13.2.0/libgcc.a(eqdf2.o)
 .comment       0x0000001b       0x1c /tools/software/riscv/riscv32-unknown-elf-gcc/bin/../lib/gcc/riscv32-unknown-elf/13.2.0/libgcc.a(gedf2.o)
 .comment       0x0000001b       0x1c /tools/software/riscv/riscv32-unknown-elf-gcc/bin/../lib/gcc/riscv32-unknown-elf/13.2.0/libgcc.a(ledf2.o)
 .comment       0x0000001b       0x1c /tools/software/riscv/riscv32-unknown-elf-gcc/bin/../lib/gcc/riscv32-unknown-elf/13.2.0/libgcc.a(muldf3.o)
 .comment       0x0000001b       0x1c /tools/software/riscv/riscv32-unknown-elf-gcc/bin/../lib/gcc/riscv32-unknown-elf/13.2.0/libgcc.a(subdf3.o)
 .comment       0x0000001b       0x1c /tools/software/riscv/riscv32-unknown-elf-gcc/bin/../lib/gcc/riscv32-unknown-elf/13.2.0/libgcc.a(fixdfsi.o)
 .comment       0x0000001b       0x1c /tools/software/riscv/riscv32-unknown-elf-gcc/bin/../lib/gcc/riscv32-unknown-elf/13.2.0/libgcc.a(fixunsdfsi.o)
 .comment       0x0000001b       0x1c /tools/software/riscv/riscv32-unknown-elf-gcc/bin/../lib/gcc/riscv32-unknown-elf/13.2.0/libgcc.a(floatsidf.o)
 .comment       0x0000001b       0x1c /tools/software/riscv/riscv32-unknown-elf-gcc/bin/../lib/gcc/riscv32-unknown-elf/13.2.0/libgcc.a(floatunsidf.o)
 .comment       0x0000001b       0x1c /tools/software/riscv/riscv32-unknown-elf-gcc/bin/../lib/gcc/riscv32-unknown-elf/13.2.0/libgcc.a(floatundidf.o)
 .comment       0x0000001b       0x1c /tools/software/riscv/riscv32-unknown-elf-gcc/bin/../lib/gcc/riscv32-unknown-elf/13.2.0/libgcc.a(_lshrdi3.o)
 .comment       0x0000001b       0x1c /tools/software/riscv/riscv32-unknown-elf-gcc/bin/../lib/gcc/riscv32-unknown-elf/13.2.0/libgcc.a(_ashldi3.o)
 .comment       0x0000001b       0x1c /tools/software/riscv/riscv32-unknown-elf-gcc/bin/../lib/gcc/riscv32-unknown-elf/13.2.0/libgcc.a(_clz.o)
 .comment       0x0000001b       0x1c /tools/software/riscv/riscv32-unknown-elf-gcc/bin/../lib/gcc/riscv32-unknown-elf/13.2.0/libgcc.a(_clzsi2.o)

.debug_info     0x00000000     0x3d4e
 .debug_info    0x00000000      0x76f /tools/software/riscv/riscv32-unknown-elf-gcc/bin/../lib/gcc/riscv32-unknown-elf/13.2.0/libgcc.a(_udivdi3.o)
 .debug_info    0x0000076f      0x7c2 /tools/software/riscv/riscv32-unknown-elf-gcc/bin/../lib/gcc/riscv32-unknown-elf/13.2.0/libgcc.a(_umoddi3.o)
 .debug_info    0x00000f31      0x501 /tools/software/riscv/riscv32-unknown-elf-gcc/bin/../lib/gcc/riscv32-unknown-elf/13.2.0/libgcc.a(adddf3.o)
 .debug_info    0x00001432      0x67b /tools/software/riscv/riscv32-unknown-elf-gcc/bin/../lib/gcc/riscv32-unknown-elf/13.2.0/libgcc.a(divdf3.o)
 .debug_info    0x00001aad      0x221 /tools/software/riscv/riscv32-unknown-elf-gcc/bin/../lib/gcc/riscv32-unknown-elf/13.2.0/libgcc.a(eqdf2.o)
 .debug_info    0x00001cce      0x225 /tools/software/riscv/riscv32-unknown-elf-gcc/bin/../lib/gcc/riscv32-unknown-elf/13.2.0/libgcc.a(gedf2.o)
 .debug_info    0x00001ef3      0x225 /tools/software/riscv/riscv32-unknown-elf-gcc/bin/../lib/gcc/riscv32-unknown-elf/13.2.0/libgcc.a(ledf2.o)
 .debug_info    0x00002118      0x6a4 /tools/software/riscv/riscv32-unknown-elf-gcc/bin/../lib/gcc/riscv32-unknown-elf/13.2.0/libgcc.a(muldf3.o)
 .debug_info    0x000027bc      0x501 /tools/software/riscv/riscv32-unknown-elf-gcc/bin/../lib/gcc/riscv32-unknown-elf/13.2.0/libgcc.a(subdf3.o)
 .debug_info    0x00002cbd      0x1ca /tools/software/riscv/riscv32-unknown-elf-gcc/bin/../lib/gcc/riscv32-unknown-elf/13.2.0/libgcc.a(fixdfsi.o)
 .debug_info    0x00002e87      0x1ad /tools/software/riscv/riscv32-unknown-elf-gcc/bin/../lib/gcc/riscv32-unknown-elf/13.2.0/libgcc.a(fixunsdfsi.o)
 .debug_info    0x00003034      0x268 /tools/software/riscv/riscv32-unknown-elf-gcc/bin/../lib/gcc/riscv32-unknown-elf/13.2.0/libgcc.a(floatsidf.o)
 .debug_info    0x0000329c      0x25d /tools/software/riscv/riscv32-unknown-elf-gcc/bin/../lib/gcc/riscv32-unknown-elf/13.2.0/libgcc.a(floatunsidf.o)
 .debug_info    0x000034f9      0x2c1 /tools/software/riscv/riscv32-unknown-elf-gcc/bin/../lib/gcc/riscv32-unknown-elf/13.2.0/libgcc.a(floatundidf.o)
 .debug_info    0x000037ba      0x1af /tools/software/riscv/riscv32-unknown-elf-gcc/bin/../lib/gcc/riscv32-unknown-elf/13.2.0/libgcc.a(_lshrdi3.o)
 .debug_info    0x00003969      0x1af /tools/software/riscv/riscv32-unknown-elf-gcc/bin/../lib/gcc/riscv32-unknown-elf/13.2.0/libgcc.a(_ashldi3.o)
 .debug_info    0x00003b18       0xe6 /tools/software/riscv/riscv32-unknown-elf-gcc/bin/../lib/gcc/riscv32-unknown-elf/13.2.0/libgcc.a(_clz.o)
 .debug_info    0x00003bfe      0x150 /tools/software/riscv/riscv32-unknown-elf-gcc/bin/../lib/gcc/riscv32-unknown-elf/13.2.0/libgcc.a(_clzsi2.o)

.debug_abbrev   0x00000000     0x17ac
 .debug_abbrev  0x00000000      0x1a6 /tools/software/riscv/riscv32-unknown-elf-gcc/bin/../lib/gcc/riscv32-unknown-elf/13.2.0/libgcc.a(_udivdi3.o)
 .debug_abbrev  0x000001a6      0x1aa /tools/software/riscv/riscv32-unknown-elf-gcc/bin/../lib/gcc/riscv32-unknown-elf/13.2.0/libgcc.a(_umoddi3.o)
 .debug_abbrev  0x00000350      0x176 /tools/software/riscv/riscv32-unknown-elf-gcc/bin/../lib/gcc/riscv32-unknown-elf/13.2.0/libgcc.a(adddf3.o)
 .debug_abbrev  0x000004c6      0x173 /tools/software/riscv/riscv32-unknown-elf-gcc/bin/../lib/gcc/riscv32-unknown-elf/13.2.0/libgcc.a(divdf3.o)
 .debug_abbrev  0x00000639      0x153 /tools/software/riscv/riscv32-unknown-elf-gcc/bin/../lib/gcc/riscv32-unknown-elf/13.2.0/libgcc.a(eqdf2.o)
 .debug_abbrev  0x0000078c      0x166 /tools/software/riscv/riscv32-unknown-elf-gcc/bin/../lib/gcc/riscv32-unknown-elf/13.2.0/libgcc.a(gedf2.o)
 .debug_abbrev  0x000008f2      0x166 /tools/software/riscv/riscv32-unknown-elf-gcc/bin/../lib/gcc/riscv32-unknown-elf/13.2.0/libgcc.a(ledf2.o)
 .debug_abbrev  0x00000a58      0x185 /tools/software/riscv/riscv32-unknown-elf-gcc/bin/../lib/gcc/riscv32-unknown-elf/13.2.0/libgcc.a(muldf3.o)
 .debug_abbrev  0x00000bdd      0x176 /tools/software/riscv/riscv32-unknown-elf-gcc/bin/../lib/gcc/riscv32-unknown-elf/13.2.0/libgcc.a(subdf3.o)
 .debug_abbrev  0x00000d53      0x15d /tools/software/riscv/riscv32-unknown-elf-gcc/bin/../lib/gcc/riscv32-unknown-elf/13.2.0/libgcc.a(fixdfsi.o)
 .debug_abbrev  0x00000eb0      0x162 /tools/software/riscv/riscv32-unknown-elf-gcc/bin/../lib/gcc/riscv32-unknown-elf/13.2.0/libgcc.a(fixunsdfsi.o)
 .debug_abbrev  0x00001012      0x164 /tools/software/riscv/riscv32-unknown-elf-gcc/bin/../lib/gcc/riscv32-unknown-elf/13.2.0/libgcc.a(floatsidf.o)
 .debug_abbrev  0x00001176      0x163 /tools/software/riscv/riscv32-unknown-elf-gcc/bin/../lib/gcc/riscv32-unknown-elf/13.2.0/libgcc.a(floatunsidf.o)
 .debug_abbrev  0x000012d9      0x181 /tools/software/riscv/riscv32-unknown-elf-gcc/bin/../lib/gcc/riscv32-unknown-elf/13.2.0/libgcc.a(floatundidf.o)
 .debug_abbrev  0x0000145a      0x10c /tools/software/riscv/riscv32-unknown-elf-gcc/bin/../lib/gcc/riscv32-unknown-elf/13.2.0/libgcc.a(_lshrdi3.o)
 .debug_abbrev  0x00001566      0x10c /tools/software/riscv/riscv32-unknown-elf-gcc/bin/../lib/gcc/riscv32-unknown-elf/13.2.0/libgcc.a(_ashldi3.o)
 .debug_abbrev  0x00001672       0x70 /tools/software/riscv/riscv32-unknown-elf-gcc/bin/../lib/gcc/riscv32-unknown-elf/13.2.0/libgcc.a(_clz.o)
 .debug_abbrev  0x000016e2       0xca /tools/software/riscv/riscv32-unknown-elf-gcc/bin/../lib/gcc/riscv32-unknown-elf/13.2.0/libgcc.a(_clzsi2.o)

.debug_loclists
                0x00000000     0x4147
 .debug_loclists
                0x00000000      0x704 /tools/software/riscv/riscv32-unknown-elf-gcc/bin/../lib/gcc/riscv32-unknown-elf/13.2.0/libgcc.a(_udivdi3.o)
 .debug_loclists
                0x00000704      0x586 /tools/software/riscv/riscv32-unknown-elf-gcc/bin/../lib/gcc/riscv32-unknown-elf/13.2.0/libgcc.a(_umoddi3.o)
 .debug_loclists
                0x00000c8a      0xabf /tools/software/riscv/riscv32-unknown-elf-gcc/bin/../lib/gcc/riscv32-unknown-elf/13.2.0/libgcc.a(adddf3.o)
 .debug_loclists
                0x00001749      0xf50 /tools/software/riscv/riscv32-unknown-elf-gcc/bin/../lib/gcc/riscv32-unknown-elf/13.2.0/libgcc.a(divdf3.o)
 .debug_loclists
                0x00002699       0x6f /tools/software/riscv/riscv32-unknown-elf-gcc/bin/../lib/gcc/riscv32-unknown-elf/13.2.0/libgcc.a(eqdf2.o)
 .debug_loclists
                0x00002708       0xdc /tools/software/riscv/riscv32-unknown-elf-gcc/bin/../lib/gcc/riscv32-unknown-elf/13.2.0/libgcc.a(gedf2.o)
 .debug_loclists
                0x000027e4       0xdc /tools/software/riscv/riscv32-unknown-elf-gcc/bin/../lib/gcc/riscv32-unknown-elf/13.2.0/libgcc.a(ledf2.o)
 .debug_loclists
                0x000028c0      0x7f5 /tools/software/riscv/riscv32-unknown-elf-gcc/bin/../lib/gcc/riscv32-unknown-elf/13.2.0/libgcc.a(muldf3.o)
 .debug_loclists
                0x000030b5      0xac4 /tools/software/riscv/riscv32-unknown-elf-gcc/bin/../lib/gcc/riscv32-unknown-elf/13.2.0/libgcc.a(subdf3.o)
 .debug_loclists
                0x00003b79       0xcf /tools/software/riscv/riscv32-unknown-elf-gcc/bin/../lib/gcc/riscv32-unknown-elf/13.2.0/libgcc.a(fixdfsi.o)
 .debug_loclists
                0x00003c48       0x90 /tools/software/riscv/riscv32-unknown-elf-gcc/bin/../lib/gcc/riscv32-unknown-elf/13.2.0/libgcc.a(fixunsdfsi.o)
 .debug_loclists
                0x00003cd8       0xd2 /tools/software/riscv/riscv32-unknown-elf-gcc/bin/../lib/gcc/riscv32-unknown-elf/13.2.0/libgcc.a(floatsidf.o)
 .debug_loclists
                0x00003daa       0xb4 /tools/software/riscv/riscv32-unknown-elf-gcc/bin/../lib/gcc/riscv32-unknown-elf/13.2.0/libgcc.a(floatunsidf.o)
 .debug_loclists
                0x00003e5e      0x1cf /tools/software/riscv/riscv32-unknown-elf-gcc/bin/../lib/gcc/riscv32-unknown-elf/13.2.0/libgcc.a(floatundidf.o)
 .debug_loclists
                0x0000402d       0x6b /tools/software/riscv/riscv32-unknown-elf-gcc/bin/../lib/gcc/riscv32-unknown-elf/13.2.0/libgcc.a(_lshrdi3.o)
 .debug_loclists
                0x00004098       0x6b /tools/software/riscv/riscv32-unknown-elf-gcc/bin/../lib/gcc/riscv32-unknown-elf/13.2.0/libgcc.a(_ashldi3.o)
 .debug_loclists
                0x00004103       0x44 /tools/software/riscv/riscv32-unknown-elf-gcc/bin/../lib/gcc/riscv32-unknown-elf/13.2.0/libgcc.a(_clzsi2.o)

.debug_aranges  0x00000000      0x238
 .debug_aranges
                0x00000000       0x20 /tools/software/riscv/riscv32-unknown-elf-gcc/bin/../lib/gcc/riscv32-unknown-elf/13.2.0/libgcc.a(_udivdi3.o)
 .debug_aranges
                0x00000020       0x20 /tools/software/riscv/riscv32-unknown-elf-gcc/bin/../lib/gcc/riscv32-unknown-elf/13.2.0/libgcc.a(_umoddi3.o)
 .debug_aranges
                0x00000040       0x20 /tools/software/riscv/riscv32-unknown-elf-gcc/bin/../lib/gcc/riscv32-unknown-elf/13.2.0/libgcc.a(adddf3.o)
 .debug_aranges
                0x00000060       0x20 /tools/software/riscv/riscv32-unknown-elf-gcc/bin/../lib/gcc/riscv32-unknown-elf/13.2.0/libgcc.a(divdf3.o)
 .debug_aranges
                0x00000080       0x20 /tools/software/riscv/riscv32-unknown-elf-gcc/bin/../lib/gcc/riscv32-unknown-elf/13.2.0/libgcc.a(eqdf2.o)
 .debug_aranges
                0x000000a0       0x20 /tools/software/riscv/riscv32-unknown-elf-gcc/bin/../lib/gcc/riscv32-unknown-elf/13.2.0/libgcc.a(gedf2.o)
 .debug_aranges
                0x000000c0       0x20 /tools/software/riscv/riscv32-unknown-elf-gcc/bin/../lib/gcc/riscv32-unknown-elf/13.2.0/libgcc.a(ledf2.o)
 .debug_aranges
                0x000000e0       0x20 /tools/software/riscv/riscv32-unknown-elf-gcc/bin/../lib/gcc/riscv32-unknown-elf/13.2.0/libgcc.a(muldf3.o)
 .debug_aranges
                0x00000100       0x20 /tools/software/riscv/riscv32-unknown-elf-gcc/bin/../lib/gcc/riscv32-unknown-elf/13.2.0/libgcc.a(subdf3.o)
 .debug_aranges
                0x00000120       0x20 /tools/software/riscv/riscv32-unknown-elf-gcc/bin/../lib/gcc/riscv32-unknown-elf/13.2.0/libgcc.a(fixdfsi.o)
 .debug_aranges
                0x00000140       0x20 /tools/software/riscv/riscv32-unknown-elf-gcc/bin/../lib/gcc/riscv32-unknown-elf/13.2.0/libgcc.a(fixunsdfsi.o)
 .debug_aranges
                0x00000160       0x20 /tools/software/riscv/riscv32-unknown-elf-gcc/bin/../lib/gcc/riscv32-unknown-elf/13.2.0/libgcc.a(floatsidf.o)
 .debug_aranges
                0x00000180       0x20 /tools/software/riscv/riscv32-unknown-elf-gcc/bin/../lib/gcc/riscv32-unknown-elf/13.2.0/libgcc.a(floatunsidf.o)
 .debug_aranges
                0x000001a0       0x20 /tools/software/riscv/riscv32-unknown-elf-gcc/bin/../lib/gcc/riscv32-unknown-elf/13.2.0/libgcc.a(floatundidf.o)
 .debug_aranges
                0x000001c0       0x20 /tools/software/riscv/riscv32-unknown-elf-gcc/bin/../lib/gcc/riscv32-unknown-elf/13.2.0/libgcc.a(_lshrdi3.o)
 .debug_aranges
                0x000001e0       0x20 /tools/software/riscv/riscv32-unknown-elf-gcc/bin/../lib/gcc/riscv32-unknown-elf/13.2.0/libgcc.a(_ashldi3.o)
 .debug_aranges
                0x00000200       0x18 /tools/software/riscv/riscv32-unknown-elf-gcc/bin/../lib/gcc/riscv32-unknown-elf/13.2.0/libgcc.a(_clz.o)
 .debug_aranges
                0x00000218       0x20 /tools/software/riscv/riscv32-unknown-elf-gcc/bin/../lib/gcc/riscv32-unknown-elf/13.2.0/libgcc.a(_clzsi2.o)

.debug_rnglists
                0x00000000      0x608
 .debug_rnglists
                0x00000000       0x99 /tools/software/riscv/riscv32-unknown-elf-gcc/bin/../lib/gcc/riscv32-unknown-elf/13.2.0/libgcc.a(_udivdi3.o)
 .debug_rnglists
                0x00000099       0x66 /tools/software/riscv/riscv32-unknown-elf-gcc/bin/../lib/gcc/riscv32-unknown-elf/13.2.0/libgcc.a(_umoddi3.o)
 .debug_rnglists
                0x000000ff       0xc7 /tools/software/riscv/riscv32-unknown-elf-gcc/bin/../lib/gcc/riscv32-unknown-elf/13.2.0/libgcc.a(adddf3.o)
 .debug_rnglists
                0x000001c6       0xcf /tools/software/riscv/riscv32-unknown-elf-gcc/bin/../lib/gcc/riscv32-unknown-elf/13.2.0/libgcc.a(divdf3.o)
 .debug_rnglists
                0x00000295       0x23 /tools/software/riscv/riscv32-unknown-elf-gcc/bin/../lib/gcc/riscv32-unknown-elf/13.2.0/libgcc.a(eqdf2.o)
 .debug_rnglists
                0x000002b8       0x38 /tools/software/riscv/riscv32-unknown-elf-gcc/bin/../lib/gcc/riscv32-unknown-elf/13.2.0/libgcc.a(gedf2.o)
 .debug_rnglists
                0x000002f0       0x38 /tools/software/riscv/riscv32-unknown-elf-gcc/bin/../lib/gcc/riscv32-unknown-elf/13.2.0/libgcc.a(ledf2.o)
 .debug_rnglists
                0x00000328      0x136 /tools/software/riscv/riscv32-unknown-elf-gcc/bin/../lib/gcc/riscv32-unknown-elf/13.2.0/libgcc.a(muldf3.o)
 .debug_rnglists
                0x0000045e       0xc7 /tools/software/riscv/riscv32-unknown-elf-gcc/bin/../lib/gcc/riscv32-unknown-elf/13.2.0/libgcc.a(subdf3.o)
 .debug_rnglists
                0x00000525       0x13 /tools/software/riscv/riscv32-unknown-elf-gcc/bin/../lib/gcc/riscv32-unknown-elf/13.2.0/libgcc.a(fixdfsi.o)
 .debug_rnglists
                0x00000538       0x16 /tools/software/riscv/riscv32-unknown-elf-gcc/bin/../lib/gcc/riscv32-unknown-elf/13.2.0/libgcc.a(fixunsdfsi.o)
 .debug_rnglists
                0x0000054e       0x2f /tools/software/riscv/riscv32-unknown-elf-gcc/bin/../lib/gcc/riscv32-unknown-elf/13.2.0/libgcc.a(floatsidf.o)
 .debug_rnglists
                0x0000057d       0x2f /tools/software/riscv/riscv32-unknown-elf-gcc/bin/../lib/gcc/riscv32-unknown-elf/13.2.0/libgcc.a(floatunsidf.o)
 .debug_rnglists
                0x000005ac       0x46 /tools/software/riscv/riscv32-unknown-elf-gcc/bin/../lib/gcc/riscv32-unknown-elf/13.2.0/libgcc.a(floatundidf.o)
 .debug_rnglists
                0x000005f2       0x16 /tools/software/riscv/riscv32-unknown-elf-gcc/bin/../lib/gcc/riscv32-unknown-elf/13.2.0/libgcc.a(_clzsi2.o)

.debug_line     0x00000000     0x6fd8
 .debug_line    0x00000000      0x905 /tools/software/riscv/riscv32-unknown-elf-gcc/bin/../lib/gcc/riscv32-unknown-elf/13.2.0/libgcc.a(_udivdi3.o)
 .debug_line    0x00000905      0x963 /tools/software/riscv/riscv32-unknown-elf-gcc/bin/../lib/gcc/riscv32-unknown-elf/13.2.0/libgcc.a(_umoddi3.o)
 .debug_line    0x00001268     0x1224 /tools/software/riscv/riscv32-unknown-elf-gcc/bin/../lib/gcc/riscv32-unknown-elf/13.2.0/libgcc.a(adddf3.o)
 .debug_line    0x0000248c     0x106b /tools/software/riscv/riscv32-unknown-elf-gcc/bin/../lib/gcc/riscv32-unknown-elf/13.2.0/libgcc.a(divdf3.o)
 .debug_line    0x000034f7      0x277 /tools/software/riscv/riscv32-unknown-elf-gcc/bin/../lib/gcc/riscv32-unknown-elf/13.2.0/libgcc.a(eqdf2.o)
 .debug_line    0x0000376e      0x372 /tools/software/riscv/riscv32-unknown-elf-gcc/bin/../lib/gcc/riscv32-unknown-elf/13.2.0/libgcc.a(gedf2.o)
 .debug_line    0x00003ae0      0x372 /tools/software/riscv/riscv32-unknown-elf-gcc/bin/../lib/gcc/riscv32-unknown-elf/13.2.0/libgcc.a(ledf2.o)
 .debug_line    0x00003e52      0xfa3 /tools/software/riscv/riscv32-unknown-elf-gcc/bin/../lib/gcc/riscv32-unknown-elf/13.2.0/libgcc.a(muldf3.o)
 .debug_line    0x00004df5     0x1270 /tools/software/riscv/riscv32-unknown-elf-gcc/bin/../lib/gcc/riscv32-unknown-elf/13.2.0/libgcc.a(subdf3.o)
 .debug_line    0x00006065      0x1db /tools/software/riscv/riscv32-unknown-elf-gcc/bin/../lib/gcc/riscv32-unknown-elf/13.2.0/libgcc.a(fixdfsi.o)
 .debug_line    0x00006240      0x1bb /tools/software/riscv/riscv32-unknown-elf-gcc/bin/../lib/gcc/riscv32-unknown-elf/13.2.0/libgcc.a(fixunsdfsi.o)
 .debug_line    0x000063fb      0x24f /tools/software/riscv/riscv32-unknown-elf-gcc/bin/../lib/gcc/riscv32-unknown-elf/13.2.0/libgcc.a(floatsidf.o)
 .debug_line    0x0000664a      0x239 /tools/software/riscv/riscv32-unknown-elf-gcc/bin/../lib/gcc/riscv32-unknown-elf/13.2.0/libgcc.a(floatunsidf.o)
 .debug_line    0x00006883      0x429 /tools/software/riscv/riscv32-unknown-elf-gcc/bin/../lib/gcc/riscv32-unknown-elf/13.2.0/libgcc.a(floatundidf.o)
 .debug_line    0x00006cac      0x107 /tools/software/riscv/riscv32-unknown-elf-gcc/bin/../lib/gcc/riscv32-unknown-elf/13.2.0/libgcc.a(_lshrdi3.o)
 .debug_line    0x00006db3      0x107 /tools/software/riscv/riscv32-unknown-elf-gcc/bin/../lib/gcc/riscv32-unknown-elf/13.2.0/libgcc.a(_ashldi3.o)
 .debug_line    0x00006eba       0x3f /tools/software/riscv/riscv32-unknown-elf-gcc/bin/../lib/gcc/riscv32-unknown-elf/13.2.0/libgcc.a(_clz.o)
 .debug_line    0x00006ef9       0xdf /tools/software/riscv/riscv32-unknown-elf-gcc/bin/../lib/gcc/riscv32-unknown-elf/13.2.0/libgcc.a(_clzsi2.o)

.debug_str      0x00000000      0x7d7
 .debug_str     0x00000000      0x7d7 /tools/software/riscv/riscv32-unknown-elf-gcc/bin/../lib/gcc/riscv32-unknown-elf/13.2.0/libgcc.a(_udivdi3.o)
                                0x267 (size before relaxing)
 .debug_str     0x000007d7      0x267 /tools/software/riscv/riscv32-unknown-elf-gcc/bin/../lib/gcc/riscv32-unknown-elf/13.2.0/libgcc.a(_umoddi3.o)
 .debug_str     0x000007d7      0x2a7 /tools/software/riscv/riscv32-unknown-elf-gcc/bin/../lib/gcc/riscv32-unknown-elf/13.2.0/libgcc.a(adddf3.o)
 .debug_str     0x000007d7      0x369 /tools/software/riscv/riscv32-unknown-elf-gcc/bin/../lib/gcc/riscv32-unknown-elf/13.2.0/libgcc.a(divdf3.o)
 .debug_str     0x000007d7      0x1b9 /tools/software/riscv/riscv32-unknown-elf-gcc/bin/../lib/gcc/riscv32-unknown-elf/13.2.0/libgcc.a(eqdf2.o)
 .debug_str     0x000007d7      0x1dd /tools/software/riscv/riscv32-unknown-elf-gcc/bin/../lib/gcc/riscv32-unknown-elf/13.2.0/libgcc.a(gedf2.o)
 .debug_str     0x000007d7      0x1dd /tools/software/riscv/riscv32-unknown-elf-gcc/bin/../lib/gcc/riscv32-unknown-elf/13.2.0/libgcc.a(ledf2.o)
 .debug_str     0x000007d7      0x3c1 /tools/software/riscv/riscv32-unknown-elf-gcc/bin/../lib/gcc/riscv32-unknown-elf/13.2.0/libgcc.a(muldf3.o)
 .debug_str     0x000007d7      0x2a7 /tools/software/riscv/riscv32-unknown-elf-gcc/bin/../lib/gcc/riscv32-unknown-elf/13.2.0/libgcc.a(subdf3.o)
 .debug_str     0x000007d7      0x1b4 /tools/software/riscv/riscv32-unknown-elf-gcc/bin/../lib/gcc/riscv32-unknown-elf/13.2.0/libgcc.a(fixdfsi.o)
 .debug_str     0x000007d7      0x1b0 /tools/software/riscv/riscv32-unknown-elf-gcc/bin/../lib/gcc/riscv32-unknown-elf/13.2.0/libgcc.a(fixunsdfsi.o)
 .debug_str     0x000007d7      0x251 /tools/software/riscv/riscv32-unknown-elf-gcc/bin/../lib/gcc/riscv32-unknown-elf/13.2.0/libgcc.a(floatsidf.o)
 .debug_str     0x000007d7      0x24c /tools/software/riscv/riscv32-unknown-elf-gcc/bin/../lib/gcc/riscv32-unknown-elf/13.2.0/libgcc.a(floatunsidf.o)
 .debug_str     0x000007d7      0x26a /tools/software/riscv/riscv32-unknown-elf-gcc/bin/../lib/gcc/riscv32-unknown-elf/13.2.0/libgcc.a(floatundidf.o)
 .debug_str     0x000007d7      0x1f1 /tools/software/riscv/riscv32-unknown-elf-gcc/bin/../lib/gcc/riscv32-unknown-elf/13.2.0/libgcc.a(_lshrdi3.o)
 .debug_str     0x000007d7      0x1f1 /tools/software/riscv/riscv32-unknown-elf-gcc/bin/../lib/gcc/riscv32-unknown-elf/13.2.0/libgcc.a(_ashldi3.o)
 .debug_str     0x000007d7      0x1b4 /tools/software/riscv/riscv32-unknown-elf-gcc/bin/../lib/gcc/riscv32-unknown-elf/13.2.0/libgcc.a(_clz.o)
 .debug_str     0x000007d7      0x1d1 /tools/software/riscv/riscv32-unknown-elf-gcc/bin/../lib/gcc/riscv32-unknown-elf/13.2.0/libgcc.a(_clzsi2.o)

.debug_line_str
                0x00000000      0x2c4
 .debug_line_str
                0x00000000      0x2c4 /tools/software/riscv/riscv32-unknown-elf-gcc/bin/../lib/gcc/riscv32-unknown-elf/13.2.0/libgcc.a(_udivdi3.o)
                                0x114 (size before relaxing)
 .debug_line_str
                0x000002c4      0x114 /tools/software/riscv/riscv32-unknown-elf-gcc/bin/../lib/gcc/riscv32-unknown-elf/13.2.0/libgcc.a(_umoddi3.o)
 .debug_line_str
                0x000002c4      0x120 /tools/software/riscv/riscv32-unknown-elf-gcc/bin/../lib/gcc/riscv32-unknown-elf/13.2.0/libgcc.a(adddf3.o)
 .debug_line_str
                0x000002c4      0x12a /tools/software/riscv/riscv32-unknown-elf-gcc/bin/../lib/gcc/riscv32-unknown-elf/13.2.0/libgcc.a(divdf3.o)
 .debug_line_str
                0x000002c4      0x12d /tools/software/riscv/riscv32-unknown-elf-gcc/bin/../lib/gcc/riscv32-unknown-elf/13.2.0/libgcc.a(eqdf2.o)
 .debug_line_str
                0x000002c4      0x12d /tools/software/riscv/riscv32-unknown-elf-gcc/bin/../lib/gcc/riscv32-unknown-elf/13.2.0/libgcc.a(gedf2.o)
 .debug_line_str
                0x000002c4      0x12d /tools/software/riscv/riscv32-unknown-elf-gcc/bin/../lib/gcc/riscv32-unknown-elf/13.2.0/libgcc.a(ledf2.o)
 .debug_line_str
                0x000002c4      0x12a /tools/software/riscv/riscv32-unknown-elf-gcc/bin/../lib/gcc/riscv32-unknown-elf/13.2.0/libgcc.a(muldf3.o)
 .debug_line_str
                0x000002c4      0x120 /tools/software/riscv/riscv32-unknown-elf-gcc/bin/../lib/gcc/riscv32-unknown-elf/13.2.0/libgcc.a(subdf3.o)
 .debug_line_str
                0x000002c4      0x12d /tools/software/riscv/riscv32-unknown-elf-gcc/bin/../lib/gcc/riscv32-unknown-elf/13.2.0/libgcc.a(fixdfsi.o)
 .debug_line_str
                0x000002c4      0x136 /tools/software/riscv/riscv32-unknown-elf-gcc/bin/../lib/gcc/riscv32-unknown-elf/13.2.0/libgcc.a(fixunsdfsi.o)
 .debug_line_str
                0x000002c4      0x133 /tools/software/riscv/riscv32-unknown-elf-gcc/bin/../lib/gcc/riscv32-unknown-elf/13.2.0/libgcc.a(floatsidf.o)
 .debug_line_str
                0x000002c4      0x139 /tools/software/riscv/riscv32-unknown-elf-gcc/bin/../lib/gcc/riscv32-unknown-elf/13.2.0/libgcc.a(floatunsidf.o)
 .debug_line_str
                0x000002c4      0x139 /tools/software/riscv/riscv32-unknown-elf-gcc/bin/../lib/gcc/riscv32-unknown-elf/13.2.0/libgcc.a(floatundidf.o)
 .debug_line_str
                0x000002c4      0x114 /tools/software/riscv/riscv32-unknown-elf-gcc/bin/../lib/gcc/riscv32-unknown-elf/13.2.0/libgcc.a(_lshrdi3.o)
 .debug_line_str
                0x000002c4      0x114 /tools/software/riscv/riscv32-unknown-elf-gcc/bin/../lib/gcc/riscv32-unknown-elf/13.2.0/libgcc.a(_ashldi3.o)
 .debug_line_str
                0x000002c4      0x114 /tools/software/riscv/riscv32-unknown-elf-gcc/bin/../lib/gcc/riscv32-unknown-elf/13.2.0/libgcc.a(_clz.o)
 .debug_line_str
                0x000002c4      0x114 /tools/software/riscv/riscv32-unknown-elf-gcc/bin/../lib/gcc/riscv32-unknown-elf/13.2.0/libgcc.a(_clzsi2.o)

.debug_frame    0x00000000      0x2e0
 .debug_frame   0x00000000       0x44 /tools/software/riscv/riscv32-unknown-elf-gcc/bin/../lib/gcc/riscv32-unknown-elf/13.2.0/libgcc.a(adddf3.o)
 .debug_frame   0x00000044       0x54 /tools/software/riscv/riscv32-unknown-elf-gcc/bin/../lib/gcc/riscv32-unknown-elf/13.2.0/libgcc.a(divdf3.o)
 .debug_frame   0x00000098       0x20 /tools/software/riscv/riscv32-unknown-elf-gcc/bin/../lib/gcc/riscv32-unknown-elf/13.2.0/libgcc.a(eqdf2.o)
 .debug_frame   0x000000b8       0x20 /tools/software/riscv/riscv32-unknown-elf-gcc/bin/../lib/gcc/riscv32-unknown-elf/13.2.0/libgcc.a(gedf2.o)
 .debug_frame   0x000000d8       0x20 /tools/software/riscv/riscv32-unknown-elf-gcc/bin/../lib/gcc/riscv32-unknown-elf/13.2.0/libgcc.a(ledf2.o)
 .debug_frame   0x000000f8       0x54 /tools/software/riscv/riscv32-unknown-elf-gcc/bin/../lib/gcc/riscv32-unknown-elf/13.2.0/libgcc.a(muldf3.o)
 .debug_frame   0x0000014c       0x44 /tools/software/riscv/riscv32-unknown-elf-gcc/bin/../lib/gcc/riscv32-unknown-elf/13.2.0/libgcc.a(subdf3.o)
 .debug_frame   0x00000190       0x20 /tools/software/riscv/riscv32-unknown-elf-gcc/bin/../lib/gcc/riscv32-unknown-elf/13.2.0/libgcc.a(fixdfsi.o)
 .debug_frame   0x000001b0       0x20 /tools/software/riscv/riscv32-unknown-elf-gcc/bin/../lib/gcc/riscv32-unknown-elf/13.2.0/libgcc.a(fixunsdfsi.o)
 .debug_frame   0x000001d0       0x38 /tools/software/riscv/riscv32-unknown-elf-gcc/bin/../lib/gcc/riscv32-unknown-elf/13.2.0/libgcc.a(floatsidf.o)
 .debug_frame   0x00000208       0x34 /tools/software/riscv/riscv32-unknown-elf-gcc/bin/../lib/gcc/riscv32-unknown-elf/13.2.0/libgcc.a(floatunsidf.o)
 .debug_frame   0x0000023c       0x44 /tools/software/riscv/riscv32-unknown-elf-gcc/bin/../lib/gcc/riscv32-unknown-elf/13.2.0/libgcc.a(floatundidf.o)
 .debug_frame   0x00000280       0x20 /tools/software/riscv/riscv32-unknown-elf-gcc/bin/../lib/gcc/riscv32-unknown-elf/13.2.0/libgcc.a(_lshrdi3.o)
 .debug_frame   0x000002a0       0x20 /tools/software/riscv/riscv32-unknown-elf-gcc/bin/../lib/gcc/riscv32-unknown-elf/13.2.0/libgcc.a(_ashldi3.o)
 .debug_frame   0x000002c0       0x20 /tools/software/riscv/riscv32-unknown-elf-gcc/bin/../lib/gcc/riscv32-unknown-elf/13.2.0/libgcc.a(_clzsi2.o)
cc.a(_lshrdi3.o)
 .debug_line_str
                0x00000373      0x114 /tools/software/riscv/riscv32-unknown-elf-gcc/bin/../lib/gcc/riscv32-unknown-elf/13.2.0/libgcc.a(_ashldi3.o)
 .debug_line_str
                0x00000373      0x114 /tools/software/riscv/riscv32-unknown-elf-gcc/bin/../lib/gcc/riscv32-unknown-elf/13.2.0/libgcc.a(_clz.o)
 .debug_line_str
                0x00000373      0x114 /tools/software/riscv/riscv32-unknown-elf-gcc/bin/../lib/gcc/riscv32-unknown-elf/13.2.0/libgcc.a(_clzsi2.o)

.debug_frame    0x00000000      0x3e4
 .debug_frame   0x00000000       0x44 /tools/software/riscv/riscv32-unknown-elf-gcc/bin/../lib/gcc/riscv32-unknown-elf/13.2.0/libgcc.a(adddf3.o)
 .debug_frame   0x00000044       0x54 /tools/software/riscv/riscv32-unknown-elf-gcc/bin/../lib/gcc/riscv32-unknown-elf/13.2.0/libgcc.a(divdf3.o)
 .debug_frame   0x00000098       0x20 /tools/software/riscv/riscv32-unknown-elf-gcc/bin/../lib/gcc/riscv32-unknown-elf/13.2.0/libgcc.a(eqdf2.o)
 .debug_frame   0x000000b8       0x20 /tools/software/riscv/riscv32-unknown-elf-gcc/bin/../lib/gcc/riscv32-unknown-elf/13.2.0/libgcc.a(gedf2.o)
 .debug_frame   0x000000d8       0x20 /tools/software/riscv/riscv32-unknown-elf-gcc/bin/../lib/gcc/riscv32-unknown-elf/13.2.0/libgcc.a(ledf2.o)
 .debug_frame   0x000000f8       0x54 /tools/software/riscv/riscv32-unknown-elf-gcc/bin/../lib/gcc/riscv32-unknown-elf/13.2.0/libgcc.a(muldf3.o)
 .debug_frame   0x0000014c       0x44 /tools/software/riscv/riscv32-unknown-elf-gcc/bin/../lib/gcc/riscv32-unknown-elf/13.2.0/libgcc.a(subdf3.o)
 .debug_frame   0x00000190       0x20 /tools/software/riscv/riscv32-unknown-elf-gcc/bin/../lib/gcc/riscv32-unknown-elf/13.2.0/libgcc.a(fixdfsi.o)
 .debug_frame   0x000001b0       0x20 /tools/software/riscv/riscv32-unknown-elf-gcc/bin/../lib/gcc/riscv32-unknown-elf/13.2.0/libgcc.a(fixunsdfsi.o)
 .debug_frame   0x000001d0       0x38 /tools/software/riscv/riscv32-unknown-elf-gcc/bin/../lib/gcc/riscv32-unknown-elf/13.2.0/libgcc.a(floatsidf.o)
 .debug_frame   0x00000208       0x34 /tools/software/riscv/riscv32-unknown-elf-gcc/bin/../lib/gcc/riscv32-unknown-elf/13.2.0/libgcc.a(floatunsidf.o)
 .debug_frame   0x0000023c       0x4c /tools/software/riscv/riscv32-unknown-elf-gcc/bin/../lib/gcc/riscv32-unknown-elf/13.2.0/libgcc.a(divsf3.o)
 .debug_frame   0x00000288       0x4c /tools/software/riscv/riscv32-unknown-elf-gcc/bin/../lib/gcc/riscv32-unknown-elf/13.2.0/libgcc.a(mulsf3.o)
 .debug_frame   0x000002d4       0x34 /tools/software/riscv/riscv32-unknown-elf-gcc/bin/../lib/gcc/riscv32-unknown-elf/13.2.0/libgcc.a(floatunsisf.o)
 .debug_frame   0x00000308       0x44 /tools/software/riscv/riscv32-unknown-elf-gcc/bin/../lib/gcc/riscv32-unknown-elf/13.2.0/libgcc.a(floatundisf.o)
 .debug_frame   0x0000034c       0x38 /tools/software/riscv/riscv32-unknown-elf-gcc/bin/../lib/gcc/riscv32-unknown-elf/13.2.0/libgcc.a(extendsfdf2.o)
 .debug_frame   0x00000384       0x20 /tools/software/riscv/riscv32-unknown-elf-gcc/bin/../lib/gcc/riscv32-unknown-elf/13.2.0/libgcc.a(_lshrdi3.o)
 .debug_frame   0x000003a4       0x20 /tools/software/riscv/riscv32-unknown-elf-gcc/bin/../lib/gcc/riscv32-unknown-elf/13.2.0/libgcc.a(_ashldi3.o)
 .debug_frame   0x000003c4       0x20 /tools/software/riscv/riscv32-unknown-elf-gcc/bin/../lib/gcc/riscv32-unknown-elf/13.2.0/libgcc.a(_clzsi2.o)
